Microchip MPLAB XC8 Compiler V2.20

Linker command line:

-W-3 --edf=C:\Program Files\Microchip\xc8\v2.20\pic\dat\en_msgs.txt -cn \
  -h+dist/default/debug\serial.X.debug.sym \
  --cmf=dist/default/debug\serial.X.debug.cmf -z -Q18F87J90 \
  -oC:\Users\DELL\AppData\Local\Temp\s1u4.2 --defsym=__MPLAB_BUILD=1 \
  -Mdist/default/debug/serial.X.debug.map -E1 -ver=XC8 Compiler \
  --acfsm=1493 -ASTACK=060h-0F53h -pstack=STACK -ACODE=00h-01FFF7h \
  -ACONST=00h-01FFF7h -ASMALLCONST=01000h-010FFhx495,01FF00h-01FFF7h \
  -AMEDIUMCONST=01000h-0FFFFh,011000h-01FFF7h -ACOMRAM=01h-05Fh \
  -AABS1=00h-0F53h -ABIGRAM=01h-0F53h \
  -ARAM=060h-0FFh,0100h-01FFhx14,0F00h-0F53h -ABANK0=060h-0FFh \
  -ABANK1=0100h-01FFh -ABANK2=0200h-02FFh -ABANK3=0300h-03FFh \
  -ABANK4=0400h-04FFh -ABANK5=0500h-05FFh -ABANK6=0600h-06FFh \
  -ABANK7=0700h-07FFh -ABANK8=0800h-08FFh -ABANK9=0900h-09FFh \
  -ABANK10=0A00h-0AFFh -ABANK11=0B00h-0BFFh -ABANK12=0C00h-0CFFh \
  -ABANK13=0D00h-0DFFh -ABANK14=0E00h-0EFFh -ABANK15=0F00h-0F53h \
  -ASFR=0F54h-0F5Fh,0F60h-0FFFh -ACONFIG=01FFF8h-01FFFFh \
  -preset_vec=00h,intcode=08h,intcodelo=018h,powerup,init -pramtop=01000h \
  -psmallconst=SMALLCONST -pmediumconst=MEDIUMCONST -pconst=CONST \
  -AFARRAM=00h-00h -pjflash_buffer=01F800h \
  -prdata=COMRAM,nvrram=COMRAM,nvbit=COMRAM,rbss=COMRAM,rbit=COMRAM \
  -pfarbss=FARRAM,fardata=FARRAM,nvFARRAM=FARRAM \
  -pintsave_regs=BIGRAM,bigbss=BIGRAM,bigdata=BIGRAM -pbss=RAM \
  -pidata=CODE,irdata=CODE,ibigdata=CODE,ifardata=CODE -prparam=COMRAM \
  C:\Users\DELL\AppData\Local\Temp\s1u4.o \
  dist/default/debug\serial.X.debug.o 

Object code version is 3.11

Machine type is 18F87J90



                Name                               Link     Load   Length Selector   Space Scale
C:\Users\DELL\AppData\Local\Temp\s1u4.o
                config                            1FFF8    1FFF8        6        0       4
                init                                 52       52        4        C       0
                reset_vec                             0        0        4        0       0
dist/default/debug\serial.X.debug.o
                intcodelo                            18       18       3A        C       0
                intcode                               8        8        6        4       0
                config                            1FFF8    1FFF8        6        0       4
                temp                                 47       47        1        1       1
                intcode_body                        E4A      E4A        4        C       0
                text8                               E28      E28       12        C       0
                text7                               8B0      8B0      1C2        C       0
                text5                                56       56      4C0        C       0
                text4                               516      516      39A        C       0
                text3                               C26      C26      106        C       0
                text2                               A72      A72      1B4        C       0
                text1                               D2C      D2C       A0        C       0
                text0                               DCC      DCC       5C        C       0
                cstackCOMRAM                          1        1       43        1       1
                bssCOMRAM                            44       44        3        1       1
                cinit                               E3A      E3A       10        C       0

TOTAL           Name                               Link     Load   Length     Space
        CLASS   STACK          

        CLASS   CODE           
                intcodelo                            18       18       3A         0
                intcode                               8        8        6         0
                init                                 52       52        4         0
                reset_vec                             0        0        4         0
                intcode_body                        E4A      E4A        4         0
                text8                               E28      E28       12         0
                text7                               8B0      8B0      1C2         0
                text5                                56       56      4C0         0
                text4                               516      516      39A         0
                text3                               C26      C26      106         0
                text2                               A72      A72      1B4         0
                text1                               D2C      D2C       A0         0
                text0                               DCC      DCC       5C         0
                cinit                               E3A      E3A       10         0

        CLASS   CONST          

        CLASS   SMALLCONST     

        CLASS   MEDIUMCONST    

        CLASS   COMRAM         
                temp                                 47       47        1         1
                cstackCOMRAM                          1        1       43         1
                bssCOMRAM                            44       44        3         1

        CLASS   ABS1           

        CLASS   BIGRAM         

        CLASS   RAM            

        CLASS   BANK0          

        CLASS   BANK1          

        CLASS   BANK2          

        CLASS   BANK3          

        CLASS   BANK4          

        CLASS   BANK5          

        CLASS   BANK6          

        CLASS   BANK7          

        CLASS   BANK8          

        CLASS   BANK9          

        CLASS   BANK10         

        CLASS   BANK11         

        CLASS   BANK12         

        CLASS   BANK13         

        CLASS   BANK14         

        CLASS   BANK15         

        CLASS   SFR            

        CLASS   CONFIG         
                config                            1FFF8    1FFF8        6         4

        CLASS   FARRAM         

        CLASS   IDLOC          



SEGMENTS        Name                           Load    Length   Top    Selector   Space  Class

                reset_vec                      000000  000004  000004         0       0  CODE    
                cstackCOMRAM                   000001  000047  000048         1       1  COMRAM  
                intcode                        000008  000006  00000E         4       0  CODE    
                intcodelo                      000018  000E36  000E4E         C       0  CODE    


UNUSED ADDRESS RANGES

        Name                Unused          Largest block    Delta
        BANK0            00060-000FF              A0
        BANK1            00100-001FF             100
        BANK10           00A00-00AFF             100
        BANK11           00B00-00BFF             100
        BANK12           00C00-00CFF             100
        BANK13           00D00-00DFF             100
        BANK14           00E00-00EFF             100
        BANK15           00F00-00F53              54
        BANK2            00200-002FF             100
        BANK3            00300-003FF             100
        BANK4            00400-004FF             100
        BANK5            00500-005FF             100
        BANK6            00600-006FF             100
        BANK7            00700-007FF             100
        BANK8            00800-008FF             100
        BANK9            00900-009FF             100
        BIGRAM           00048-00F53             F0C
        CODE             00004-00007               4
                         0000E-00017               A
                         00E4E-1FFF7           1F1AA
        COMRAM           00048-0005F              18
        CONFIG           1FFFE-1FFFF               2
        CONST            00004-00007               4
                         0000E-00017               A
                         00E4E-1FFF7           1F1AA
        MEDIUMCONST      01000-0FFFF            F000
                         11000-1FFF7            EFF8
        RAM              00060-00F53             100
        SFR              00F54-00FFF               C
        SMALLCONST       01000-1FFF7             100
        STACK            00060-00F53             EF4

                                  Symbol Table

?___fladd                cstackCOMRAM  0002C
?___fldiv                cstackCOMRAM  00013
?___fltol                cstackCOMRAM  00005
?___xxtofl               cstackCOMRAM  00005
UART_Initial@baud_rate   cstackCOMRAM  0003C
UART_Initial@bps         cstackCOMRAM  00040
_ADCON1                  (abs)         00FC1
_BAUDCON1bits            (abs)         00F7E
_CMCON                   (abs)         00FB4
_INTCONbits              (abs)         00FF2
_IPR1bits                (abs)         00F9F
_LATE                    (abs)         00F8D
_LATH                    (abs)         00F90
_OSCCONbits              (abs)         00FD3
_PIE1bits                (abs)         00F9D
_PIR1bits                (abs)         00F9E
_RC1IF                   (abs)         07CF5
_RCONbits                (abs)         00FD0
_RCREG1                  (abs)         00FAE
_RCSTA1                  (abs)         00FAB
_SPBRG1                  (abs)         00FAF
_T1CON                   (abs)         00FCD
_T1CONbits               (abs)         00FCD
_TMR1H                   (abs)         00FCF
_TMR1L                   (abs)         00FCE
_TRISAbits               (abs)         00F92
_TRISCbits               (abs)         00F94
_TRISD                   (abs)         00F95
_TRISE                   (abs)         00F96
_TRISF                   (abs)         00F97
_TRISH                   (abs)         00F99
_TRMT                    (abs)         07D61
_TXREG1                  (abs)         00FAD
_TXSTA1bits              (abs)         00FAC
_UART_Initial            text1         00D2C
_USART_Read              text8         00E28
__HRAM                   (abs)         00000
__Habs1                  abs1          00000
__Hbank0                 bank0         00000
__Hbank1                 bank1         00000
__Hbank10                bank10        00000
__Hbank11                bank11        00000
__Hbank12                bank12        00000
__Hbank13                bank13        00000
__Hbank14                bank14        00000
__Hbank15                bank15        00000
__Hbank2                 bank2         00000
__Hbank3                 bank3         00000
__Hbank4                 bank4         00000
__Hbank5                 bank5         00000
__Hbank6                 bank6         00000
__Hbank7                 bank7         00000
__Hbank8                 bank8         00000
__Hbank9                 bank9         00000
__Hbigbss                bigbss        00000
__Hbigdata               bigdata       00000
__Hbigram                bigram        00000
__Hbss                   bss           00000
__HbssCOMRAM             bssCOMRAM     00000
__Hcinit                 cinit         00000
__Hclrtext               clrtext       00000
__Hcomram                comram        00000
__Hconfig                config        1FFFE
__Hconst                 const         00000
__HcstackCOMRAM          cstackCOMRAM  00000
__Hdata                  data          00000
__Hfarbss                farbss        00000
__Hfardata               fardata       00000
__Hibigdata              ibigdata      00000
__Hidata                 idata         00000
__Hidloc                 idloc         00000
__Hifardata              ifardata      00000
__Hinit                  init          00056
__Hintcode               intcode       0000E
__Hintcode_body          intcode_body  00000
__Hintcodelo             intcodelo     00052
__Hintentry              intentry      00000
__Hintret                intret        00000
__Hintsave_regs          intsave_regs  00000
__Hirdata                irdata        00000
__Hjflash_buffer         jflash_buffer 1F800
__Hmediumconst           mediumconst   00000
__HnvFARRAM              nvFARRAM      00000
__Hnvbit                 nvbit         00000
__Hnvrram                nvrram        00000
__Hparam                 rparam        00000
__Hpowerup               powerup       00052
__Hram                   ram           00000
__Hramtop                ramtop        01000
__Hrbit                  rbit          00000
__Hrbss                  rbss          00000
__Hrdata                 rdata         00000
__Hreset_vec             reset_vec     00004
__Hrparam                rparam        00000
__Hsfr                   sfr           00000
__Hsmallconst            smallconst    00000
__Hspace_0               (abs)         1F800
__Hspace_1               (abs)         00048
__Hspace_2               (abs)         00000
__Hspace_4               (abs)         3FFF6
__Hstack                 stack         00000
__Hstruct                struct        00000
__Htemp                  temp          00048
__Htext                  text          00000
__Htext0                 text0         00000
__Htext1                 text1         00000
__Htext2                 text2         00000
__Htext3                 text3         00000
__Htext4                 text4         00000
__Htext5                 text5         00000
__Htext7                 text7         00000
__Htext8                 text8         00000
__LRAM                   (abs)         00001
__Labs1                  abs1          00000
__Lbank0                 bank0         00000
__Lbank1                 bank1         00000
__Lbank10                bank10        00000
__Lbank11                bank11        00000
__Lbank12                bank12        00000
__Lbank13                bank13        00000
__Lbank14                bank14        00000
__Lbank15                bank15        00000
__Lbank2                 bank2         00000
__Lbank3                 bank3         00000
__Lbank4                 bank4         00000
__Lbank5                 bank5         00000
__Lbank6                 bank6         00000
__Lbank7                 bank7         00000
__Lbank8                 bank8         00000
__Lbank9                 bank9         00000
__Lbigbss                bigbss        00000
__Lbigdata               bigdata       00000
__Lbigram                bigram        00000
__Lbss                   bss           00000
__LbssCOMRAM             bssCOMRAM     00000
__Lcinit                 cinit         00000
__Lclrtext               clrtext       00000
__Lcomram                comram        00000
__Lconfig                config        00000
__Lconst                 const         00000
__LcstackCOMRAM          cstackCOMRAM  00000
__Ldata                  data          00000
__Lfarbss                farbss        00000
__Lfardata               fardata       00000
__Libigdata              ibigdata      00000
__Lidata                 idata         00000
__Lidloc                 idloc         00000
__Lifardata              ifardata      00000
__Linit                  init          00052
__Lintcode               intcode       00008
__Lintcode_body          intcode_body  00000
__Lintcodelo             intcodelo     00018
__Lintentry              intentry      00000
__Lintret                intret        00000
__Lintsave_regs          intsave_regs  00000
__Lirdata                irdata        00000
__Ljflash_buffer         jflash_buffer 1F800
__Lmediumconst           mediumconst   00000
__LnvFARRAM              nvFARRAM      00000
__Lnvbit                 nvbit         00000
__Lnvrram                nvrram        00000
__Lparam                 rparam        00000
__Lpowerup               powerup       00052
__Lram                   ram           00000
__Lramtop                ramtop        01000
__Lrbit                  rbit          00000
__Lrbss                  rbss          00000
__Lrdata                 rdata         00000
__Lreset_vec             reset_vec     00000
__Lrparam                rparam        00000
__Lsfr                   sfr           00000
__Lsmallconst            smallconst    00000
__Lspace_0               (abs)         00000
__Lspace_1               (abs)         00000
__Lspace_2               (abs)         00000
__Lspace_4               (abs)         00000
__Lstack                 stack         00000
__Lstruct                struct        00000
__Ltemp                  temp          00047
__Ltext                  text          00000
__Ltext0                 text0         00000
__Ltext1                 text1         00000
__Ltext2                 text2         00000
__Ltext3                 text3         00000
__Ltext4                 text4         00000
__Ltext5                 text5         00000
__Ltext7                 text7         00000
__Ltext8                 text8         00000
__S0                     (abs)         00E4E
__S1                     (abs)         00048
__S2                     (abs)         00000
__S4                     (abs)         00000
___extmem_base           (abs)         20000
___fladd                 text5         00056
___fladd@a               cstackCOMRAM  00030
___fladd@aexp            cstackCOMRAM  00039
___fladd@b               cstackCOMRAM  0002C
___fladd@bexp            cstackCOMRAM  0003A
___fladd@grs             cstackCOMRAM  0003B
___fladd@signs           cstackCOMRAM  00038
___fldiv                 text4         00516
___fldiv@a               cstackCOMRAM  00017
___fldiv@aexp            cstackCOMRAM  0002B
___fldiv@b               cstackCOMRAM  00013
___fldiv@bexp            cstackCOMRAM  0002A
___fldiv@grs             cstackCOMRAM  00026
___fldiv@new_exp         cstackCOMRAM  00024
___fldiv@rem             cstackCOMRAM  0001F
___fldiv@sign            cstackCOMRAM  00023
___fltol                 text3         00C26
___fltol@exp1            cstackCOMRAM  0000E
___fltol@f1              cstackCOMRAM  00005
___fltol@sign1           cstackCOMRAM  0000D
___inthi_sp              stack         00000
___intlo_sp              stack         00000
___param_bank            (abs)         00000
___rparam_used           (abs)         00001
___sp                    stack         00000
___xxtofl                text2         00A72
___xxtofl@arg            cstackCOMRAM  0000F
___xxtofl@exp            cstackCOMRAM  0000E
___xxtofl@sign           cstackCOMRAM  0000D
___xxtofl@val            cstackCOMRAM  00005
__accesstop              (abs)         00060
__activetblptr           (abs)         00000
__end_of_UART_Initial    text1         00DCC
__end_of_USART_Read      text8         00E3A
__end_of___fladd         text5         00516
__end_of___fldiv         text4         008B0
__end_of___fltol         text3         00D2C
__end_of___xxtofl        text2         00C26
__end_of__initialization cinit         00E40
__end_of_high_isr        intcode_body  00E4E
__end_of_low_isr         intcodelo     00052
__end_of_main            text0         00E28
__end_of_serial_on       text7         00A72
__initialization         cinit         00E3A
__mediumconst            mediumconst   00000
__pbssCOMRAM             bssCOMRAM     00044
__pcinit                 cinit         00E3A
__pcstackCOMRAM          cstackCOMRAM  00001
__pintcode               intcode       00008
__pintcode_body          intcode_body  00E4A
__pintcodelo             intcodelo     00018
__ptext0                 text0         00DCC
__ptext1                 text1         00D2C
__ptext2                 text2         00A72
__ptext3                 text3         00C26
__ptext4                 text4         00516
__ptext5                 text5         00056
__ptext7                 text7         008B0
__ptext8                 text8         00E28
__ramtop                 ramtop        01000
__size_of_UART_Initial   (abs)         00000
__size_of_USART_Read     (abs)         00000
__size_of___fladd        (abs)         00000
__size_of___fldiv        (abs)         00000
__size_of___fltol        (abs)         00000
__size_of___xxtofl       (abs)         00000
__size_of_high_isr       (abs)         00000
__size_of_low_isr        (abs)         00000
__size_of_main           (abs)         00000
__size_of_serial_on      (abs)         00000
__smallconst             smallconst    00000
_a                       bssCOMRAM     00046
_count                   bssCOMRAM     00044
_high_isr                intcode       00008
_low_isr                 intcodelo     00018
_main                    text0         00DCC
_serial_on               text7         008B0
btemp                    temp          00047
end_of_initialization    cinit         00E40
int$flags                temp          00047
int_func                 intcode_body  00E4A
intlevel0                text          00000
intlevel1                text          00000
intlevel2                text          00000
intlevel3                text          00000
serial_on@a              cstackCOMRAM  00001
stackhi                  (abs)         00F53
stacklo                  (abs)         00060
start                    init          00052
start_initialization     cinit         00E3A
ttemp5                   temp          00048
ttemp6                   temp          0004B
ttemp7                   temp          0004F
wtemp8                   temp          00048


FUNCTION INFORMATION:

 *************** function _main *****************
 Defined at:
		line 91 in file "main.c"
 Parameters:    Size  Location     Type
		None
 Auto vars:     Size  Location     Type
		None
 Return value:  Size  Location     Type
                  1    wreg      void 
 Registers used:
		wreg, status,2, status,0, cstack
 Tracked objects:
		On entry : 
		On exit  : 
		Unchanged: 
 Data sizes:     COMRAM   BANK0   BANK1   BANK2   BANK3   BANK4   BANK5   BANK6   BANK7   BANK8   BANK9  BANK10  BANK11  BANK12  BANK13  BANK14  BANK15
      Params:         0       0       0       0       0       0       0       0       0       0       0       0       0       0       0       0       0
      Locals:         0       0       0       0       0       0       0       0       0       0       0       0       0       0       0       0       0
      Temps:          0       0       0       0       0       0       0       0       0       0       0       0       0       0       0       0       0
      Totals:         0       0       0       0       0       0       0       0       0       0       0       0       0       0       0       0       0
Total ram usage:        0 bytes
 Hardware stack levels required when called:    5
 This function calls:
		_UART_Initial
 This function is called by:
		Startup code after reset
 This function uses a non-reentrant model


 *************** function _UART_Initial *****************
 Defined at:
		line 20 in file "main.c"
 Parameters:    Size  Location     Type
  baud_rate       4   59[COMRAM] long 
 Auto vars:     Size  Location     Type
  bps             4   63[COMRAM] float 
 Return value:  Size  Location     Type
                  1    wreg      void 
 Registers used:
		wreg, status,2, status,0, cstack
 Tracked objects:
		On entry : 
		On exit  : 
		Unchanged: 
 Data sizes:     COMRAM   BANK0   BANK1   BANK2   BANK3   BANK4   BANK5   BANK6   BANK7   BANK8   BANK9  BANK10  BANK11  BANK12  BANK13  BANK14  BANK15
      Params:         4       0       0       0       0       0       0       0       0       0       0       0       0       0       0       0       0
      Locals:         4       0       0       0       0       0       0       0       0       0       0       0       0       0       0       0       0
      Temps:          0       0       0       0       0       0       0       0       0       0       0       0       0       0       0       0       0
      Totals:         8       0       0       0       0       0       0       0       0       0       0       0       0       0       0       0       0
Total ram usage:        8 bytes
 Hardware stack levels used:    1
 Hardware stack levels required when called:    4
 This function calls:
		___fladd
		___fldiv
		___fltol
		___xxtofl
 This function is called by:
		_main
 This function uses a non-reentrant model


 *************** function ___xxtofl *****************
 Defined at:
		line 10 in file "C:\Program Files\Microchip\xc8\v2.20\pic\sources\c99\common\xxtofl.c"
 Parameters:    Size  Location     Type
  sign            1    wreg     unsigned char 
  val             4    4[COMRAM] long 
 Auto vars:     Size  Location     Type
  sign            1   12[COMRAM] unsigned char 
  arg             4   14[COMRAM] unsigned long 
  exp             1   13[COMRAM] unsigned char 
 Return value:  Size  Location     Type
                  4    4[COMRAM] unsigned char 
 Registers used:
		wreg, status,2, status,0
 Tracked objects:
		On entry : 
		On exit  : 
		Unchanged: 
 Data sizes:     COMRAM   BANK0   BANK1   BANK2   BANK3   BANK4   BANK5   BANK6   BANK7   BANK8   BANK9  BANK10  BANK11  BANK12  BANK13  BANK14  BANK15
      Params:         4       0       0       0       0       0       0       0       0       0       0       0       0       0       0       0       0
      Locals:         6       0       0       0       0       0       0       0       0       0       0       0       0       0       0       0       0
      Temps:          4       0       0       0       0       0       0       0       0       0       0       0       0       0       0       0       0
      Totals:        14       0       0       0       0       0       0       0       0       0       0       0       0       0       0       0       0
Total ram usage:       14 bytes
 Hardware stack levels used:    1
 Hardware stack levels required when called:    3
 This function calls:
		Nothing
 This function is called by:
		_UART_Initial
 This function uses a non-reentrant model


 *************** function ___fltol *****************
 Defined at:
		line 43 in file "C:\Program Files\Microchip\xc8\v2.20\pic\sources\c99\common\fltol.c"
 Parameters:    Size  Location     Type
  f1              4    4[COMRAM] unsigned char 
 Auto vars:     Size  Location     Type
  exp1            1   13[COMRAM] unsigned char 
  sign1           1   12[COMRAM] unsigned char 
 Return value:  Size  Location     Type
                  4    4[COMRAM] long 
 Registers used:
		wreg, status,2, status,0
 Tracked objects:
		On entry : 
		On exit  : 
		Unchanged: 
 Data sizes:     COMRAM   BANK0   BANK1   BANK2   BANK3   BANK4   BANK5   BANK6   BANK7   BANK8   BANK9  BANK10  BANK11  BANK12  BANK13  BANK14  BANK15
      Params:         4       0       0       0       0       0       0       0       0       0       0       0       0       0       0       0       0
      Locals:         2       0       0       0       0       0       0       0       0       0       0       0       0       0       0       0       0
      Temps:          4       0       0       0       0       0       0       0       0       0       0       0       0       0       0       0       0
      Totals:        10       0       0       0       0       0       0       0       0       0       0       0       0       0       0       0       0
Total ram usage:       10 bytes
 Hardware stack levels used:    1
 Hardware stack levels required when called:    3
 This function calls:
		Nothing
 This function is called by:
		_UART_Initial
 This function uses a non-reentrant model


 *************** function ___fldiv *****************
 Defined at:
		line 11 in file "C:\Program Files\Microchip\xc8\v2.20\pic\sources\c99\common\sprcdiv.c"
 Parameters:    Size  Location     Type
  b               4   18[COMRAM] long 
  a               4   22[COMRAM] long 
 Auto vars:     Size  Location     Type
  grs             4   37[COMRAM] unsigned long 
  rem             4   30[COMRAM] unsigned long 
  new_exp         2   35[COMRAM] short 
  aexp            1   42[COMRAM] unsigned char 
  bexp            1   41[COMRAM] unsigned char 
  sign            1   34[COMRAM] unsigned char 
 Return value:  Size  Location     Type
                  4   18[COMRAM] unsigned char 
 Registers used:
		wreg, status,2, status,0
 Tracked objects:
		On entry : 
		On exit  : 
		Unchanged: 
 Data sizes:     COMRAM   BANK0   BANK1   BANK2   BANK3   BANK4   BANK5   BANK6   BANK7   BANK8   BANK9  BANK10  BANK11  BANK12  BANK13  BANK14  BANK15
      Params:         8       0       0       0       0       0       0       0       0       0       0       0       0       0       0       0       0
      Locals:        13       0       0       0       0       0       0       0       0       0       0       0       0       0       0       0       0
      Temps:          4       0       0       0       0       0       0       0       0       0       0       0       0       0       0       0       0
      Totals:        25       0       0       0       0       0       0       0       0       0       0       0       0       0       0       0       0
Total ram usage:       25 bytes
 Hardware stack levels used:    1
 Hardware stack levels required when called:    3
 This function calls:
		Nothing
 This function is called by:
		_UART_Initial
 This function uses a non-reentrant model


 *************** function ___fladd *****************
 Defined at:
		line 10 in file "C:\Program Files\Microchip\xc8\v2.20\pic\sources\c99\common\sprcadd.c"
 Parameters:    Size  Location     Type
  b               4   43[COMRAM] unsigned char 
  a               4   47[COMRAM] unsigned char 
 Auto vars:     Size  Location     Type
  grs             1   58[COMRAM] unsigned char 
  bexp            1   57[COMRAM] unsigned char 
  aexp            1   56[COMRAM] unsigned char 
  signs           1   55[COMRAM] unsigned char 
 Return value:  Size  Location     Type
                  4   43[COMRAM] unsigned char 
 Registers used:
		wreg, status,2, status,0
 Tracked objects:
		On entry : 
		On exit  : 
		Unchanged: 
 Data sizes:     COMRAM   BANK0   BANK1   BANK2   BANK3   BANK4   BANK5   BANK6   BANK7   BANK8   BANK9  BANK10  BANK11  BANK12  BANK13  BANK14  BANK15
      Params:         8       0       0       0       0       0       0       0       0       0       0       0       0       0       0       0       0
      Locals:         4       0       0       0       0       0       0       0       0       0       0       0       0       0       0       0       0
      Temps:          4       0       0       0       0       0       0       0       0       0       0       0       0       0       0       0       0
      Totals:        16       0       0       0       0       0       0       0       0       0       0       0       0       0       0       0       0
Total ram usage:       16 bytes
 Hardware stack levels used:    1
 Hardware stack levels required when called:    3
 This function calls:
		Nothing
 This function is called by:
		_UART_Initial
 This function uses a non-reentrant model


 *************** function _low_isr *****************
 Defined at:
		line 142 in file "main.c"
 Parameters:    Size  Location     Type
		None
 Auto vars:     Size  Location     Type
		None
 Return value:  Size  Location     Type
                  1    wreg      void 
 Registers used:
		wreg, status,2, status,0, cstack
 Tracked objects:
		On entry : 
		On exit  : 
		Unchanged: 
 Data sizes:     COMRAM   BANK0   BANK1   BANK2   BANK3   BANK4   BANK5   BANK6   BANK7   BANK8   BANK9  BANK10  BANK11  BANK12  BANK13  BANK14  BANK15
      Params:         0       0       0       0       0       0       0       0       0       0       0       0       0       0       0       0       0
      Locals:         0       0       0       0       0       0       0       0       0       0       0       0       0       0       0       0       0
      Temps:          3       0       0       0       0       0       0       0       0       0       0       0       0       0       0       0       0
      Totals:         3       0       0       0       0       0       0       0       0       0       0       0       0       0       0       0       0
Total ram usage:        3 bytes
 Hardware stack levels used:    1
 Hardware stack levels required when called:    2
 This function calls:
		_USART_Read
		_serial_on
 This function is called by:
		Interrupt level 1
 This function uses a non-reentrant model


 *************** function _serial_on *****************
 Defined at:
		line 51 in file "main.c"
 Parameters:    Size  Location     Type
  a               1    wreg     unsigned char 
 Auto vars:     Size  Location     Type
  a               1    0[COMRAM] unsigned char 
 Return value:  Size  Location     Type
                  1    wreg      void 
 Registers used:
		wreg, status,2, status,0
 Tracked objects:
		On entry : 
		On exit  : 
		Unchanged: 
 Data sizes:     COMRAM   BANK0   BANK1   BANK2   BANK3   BANK4   BANK5   BANK6   BANK7   BANK8   BANK9  BANK10  BANK11  BANK12  BANK13  BANK14  BANK15
      Params:         0       0       0       0       0       0       0       0       0       0       0       0       0       0       0       0       0
      Locals:         1       0       0       0       0       0       0       0       0       0       0       0       0       0       0       0       0
      Temps:          0       0       0       0       0       0       0       0       0       0       0       0       0       0       0       0       0
      Totals:         1       0       0       0       0       0       0       0       0       0       0       0       0       0       0       0       0
Total ram usage:        1 bytes
 Hardware stack levels used:    1
 Hardware stack levels required when called:    1
 This function calls:
		Nothing
 This function is called by:
		_low_isr
 This function uses a non-reentrant model


 *************** function _USART_Read *****************
 Defined at:
		line 46 in file "main.c"
 Parameters:    Size  Location     Type
		None
 Auto vars:     Size  Location     Type
		None
 Return value:  Size  Location     Type
                  1    wreg      unsigned char 
 Registers used:
		wreg, status,2
 Tracked objects:
		On entry : 
		On exit  : 
		Unchanged: 
 Data sizes:     COMRAM   BANK0   BANK1   BANK2   BANK3   BANK4   BANK5   BANK6   BANK7   BANK8   BANK9  BANK10  BANK11  BANK12  BANK13  BANK14  BANK15
      Params:         0       0       0       0       0       0       0       0       0       0       0       0       0       0       0       0       0
      Locals:         0       0       0       0       0       0       0       0       0       0       0       0       0       0       0       0       0
      Temps:          0       0       0       0       0       0       0       0       0       0       0       0       0       0       0       0       0
      Totals:         0       0       0       0       0       0       0       0       0       0       0       0       0       0       0       0       0
Total ram usage:        0 bytes
 Hardware stack levels used:    1
 Hardware stack levels required when called:    1
 This function calls:
		Nothing
 This function is called by:
		_low_isr
 This function uses a non-reentrant model


 *************** function _high_isr *****************
 Defined at:
		line 125 in file "main.c"
 Parameters:    Size  Location     Type
		None
 Auto vars:     Size  Location     Type
		None
 Return value:  Size  Location     Type
                  1    wreg      void 
 Registers used:
		None
 Tracked objects:
		On entry : 
		On exit  : 
		Unchanged: 
 Data sizes:     COMRAM   BANK0   BANK1   BANK2   BANK3   BANK4   BANK5   BANK6   BANK7   BANK8   BANK9  BANK10  BANK11  BANK12  BANK13  BANK14  BANK15
      Params:         0       0       0       0       0       0       0       0       0       0       0       0       0       0       0       0       0
      Locals:         0       0       0       0       0       0       0       0       0       0       0       0       0       0       0       0       0
      Temps:          0       0       0       0       0       0       0       0       0       0       0       0       0       0       0       0       0
      Totals:         0       0       0       0       0       0       0       0       0       0       0       0       0       0       0       0       0
Total ram usage:        0 bytes
 Hardware stack levels used:    1
 This function calls:
		Nothing
 This function is called by:
		Interrupt level 2
 This function uses a non-reentrant model



MODULE INFORMATION

Module		Function		Class		Link	Load	Size
C:\Program Files\Microchip\xc8\v2.20\pic\sources\c99\common\sprcadd.c
		___fladd       		CODE           	0056	0000	1217

C:\Program Files\Microchip\xc8\v2.20\pic\sources\c99\common\sprcadd.c estimated size: 1217

shared
		__initialization		CODE           	0E3A	0000	7

shared estimated size: 7

C:\Program Files\Microchip\xc8\v2.20\pic\sources\c99\common\sprcdiv.c
		___fldiv       		CODE           	0516	0000	923

C:\Program Files\Microchip\xc8\v2.20\pic\sources\c99\common\sprcdiv.c estimated size: 923

C:\Program Files\Microchip\xc8\v2.20\pic\sources\c99\common\fltol.c
		___fltol       		CODE           	0C26	0000	263

C:\Program Files\Microchip\xc8\v2.20\pic\sources\c99\common\fltol.c estimated size: 263

main.c
		_USART_Read    		CODE           	0E28	0000	19
		_main          		CODE           	0DCC	0000	93
		_UART_Initial  		CODE           	0D2C	0000	161
		_high_isr      		CODE           	0008	0000	11
		_serial_on     		CODE           	08B0	0000	451
		_low_isr       		CODE           	0018	0000	59

main.c estimated size: 794

C:\Program Files\Microchip\xc8\v2.20\pic\sources\c99\common\xxtofl.c
		___xxtofl      		CODE           	0A72	0000	437

C:\Program Files\Microchip\xc8\v2.20\pic\sources\c99\common\xxtofl.c estimated size: 437

