Microchip MPLAB XC8 Compiler V2.20

Linker command line:

-W-3 --edf=C:\Program Files\Microchip\xc8\v2.20\pic\dat\en_msgs.txt -cn \
  -h+dist/default/debug\stepper_usart_interrupt.X.debug.sym \
  --cmf=dist/default/debug\stepper_usart_interrupt.X.debug.cmf -z \
  -Q18F87J90 -oC:\Users\DELL\AppData\Local\Temp\sos.2 \
  --defsym=__MPLAB_BUILD=1 \
  -Mdist/default/debug/stepper_usart_interrupt.X.debug.map -E1 \
  -ver=XC8 Compiler --acfsm=1493 -ASTACK=0A1h-0F53h -pstack=STACK \
  -ACODE=00h-01FFF7h -ACONST=00h-01FFF7h \
  -ASMALLCONST=01000h-010FFhx495,01FF00h-01FFF7h \
  -AMEDIUMCONST=01000h-0FFFFh,011000h-01FFF7h -ACOMRAM=01h-05Fh \
  -AABS1=00h-0F53h -ABIGRAM=01h-0F53h \
  -ARAM=060h-0FFh,0100h-01FFhx14,0F00h-0F53h -ABANK0=060h-0FFh \
  -ABANK1=0100h-01FFh -ABANK2=0200h-02FFh -ABANK3=0300h-03FFh \
  -ABANK4=0400h-04FFh -ABANK5=0500h-05FFh -ABANK6=0600h-06FFh \
  -ABANK7=0700h-07FFh -ABANK8=0800h-08FFh -ABANK9=0900h-09FFh \
  -ABANK10=0A00h-0AFFh -ABANK11=0B00h-0BFFh -ABANK12=0C00h-0CFFh \
  -ABANK13=0D00h-0DFFh -ABANK14=0E00h-0EFFh -ABANK15=0F00h-0F53h \
  -ASFR=0F54h-0F5Fh,0F60h-0FFFh -ACONFIG=01FFF8h-01FFFFh \
  -preset_vec=00h,intcode=08h,intcodelo,powerup,init -pramtop=01000h \
  -psmallconst=SMALLCONST -pmediumconst=MEDIUMCONST -pconst=CONST \
  -AFARRAM=00h-00h -pjflash_buffer=01F800h \
  -prdata=COMRAM,nvrram=COMRAM,nvbit=COMRAM,rbss=COMRAM,rbit=COMRAM \
  -pfarbss=FARRAM,fardata=FARRAM,nvFARRAM=FARRAM \
  -pintsave_regs=BIGRAM,bigbss=BIGRAM,bigdata=BIGRAM -pbss=RAM \
  -pidata=CODE,irdata=CODE,ibigdata=CODE,ifardata=CODE -prparam=COMRAM \
  C:\Users\DELL\AppData\Local\Temp\sos.o \
  dist/default/debug\stepper_usart_interrupt.X.debug.o 

Object code version is 3.11

Machine type is 18F87J90



                Name                               Link     Load   Length Selector   Space Scale
C:\Users\DELL\AppData\Local\Temp\sos.o
                config                            1FFF8    1FFF8        6        0       4
                init                                 AE       AE        4        4       0
                reset_vec                             0        0        4        0       0
dist/default/debug\stepper_usart_interrupt.X.debug.o
                intcode                               8        8       A6        4       0
                config                            1FFF8    1FFF8        6        0       4
                temp                                 43       43        1        1       1
                smallconst                         1000     1000       6E      800       0
                text15                             1F66     1F66       8E      837       0
                text14                             219E     219E       26      837       0
                text13                             2106     2106       38      837       0
                text12                             20B4     20B4       52      837       0
                text11                             1A84     1A84      18A      837       0
                text10                             1ECC     1ECC       9A      837       0
                text9                              2174     2174       2A      837       0
                text7                              106E     106E      4C2      837       0
                text6                              1530     1530      39C      837       0
                text5                              1D1C     1D1C      108      837       0
                text4                              18CC     18CC      1B8      837       0
                text3                              1E24     1E24       A8      837       0
                text2                              1C0E     1C0E      10E      837       0
                text1                              1FF4     1FF4       62      837       0
                text0                              2056     2056       5E      837       0
                cstackCOMRAM                          1        1       2C        1       1
                cstackBANK0                          60       60       3F       60       1
                dataCOMRAM                           3F       3F        4        1       1
                bssCOMRAM                            2D       2D       12        1       1
                cinit                              213E     213E       36      837       0
                nvBANK0                              9F       9F        2       60       1
                idataCOMRAM                        21C4     21C4        4      837       0

TOTAL           Name                               Link     Load   Length     Space
        CLASS   STACK          

        CLASS   CODE           
                intcode                               8        8       A6         0
                init                                 AE       AE        4         0
                reset_vec                             0        0        4         0
                text15                             1F66     1F66       8E         0
                text14                             219E     219E       26         0
                text13                             2106     2106       38         0
                text12                             20B4     20B4       52         0
                text11                             1A84     1A84      18A         0
                text10                             1ECC     1ECC       9A         0
                text9                              2174     2174       2A         0
                text7                              106E     106E      4C2         0
                text6                              1530     1530      39C         0
                text5                              1D1C     1D1C      108         0
                text4                              18CC     18CC      1B8         0
                text3                              1E24     1E24       A8         0
                text2                              1C0E     1C0E      10E         0
                text1                              1FF4     1FF4       62         0
                text0                              2056     2056       5E         0
                cinit                              213E     213E       36         0
                idataCOMRAM                        21C4     21C4        4         0

        CLASS   CONST          

        CLASS   SMALLCONST     
                smallconst                         1000     1000       6E         0

        CLASS   MEDIUMCONST    

        CLASS   COMRAM         
                temp                                 43       43        1         1
                cstackCOMRAM                          1        1       2C         1
                dataCOMRAM                           3F       3F        4         1
                bssCOMRAM                            2D       2D       12         1

        CLASS   ABS1           

        CLASS   BIGRAM         

        CLASS   RAM            

        CLASS   BANK0          
                cstackBANK0                          60       60       3F         1
                nvBANK0                              9F       9F        2         1

        CLASS   BANK1          

        CLASS   BANK2          

        CLASS   BANK3          

        CLASS   BANK4          

        CLASS   BANK5          

        CLASS   BANK6          

        CLASS   BANK7          

        CLASS   BANK8          

        CLASS   BANK9          

        CLASS   BANK10         

        CLASS   BANK11         

        CLASS   BANK12         

        CLASS   BANK13         

        CLASS   BANK14         

        CLASS   BANK15         

        CLASS   SFR            

        CLASS   CONFIG         
                config                            1FFF8    1FFF8        6         4

        CLASS   FARRAM         

        CLASS   IDLOC          



SEGMENTS        Name                           Load    Length   Top    Selector   Space  Class

                reset_vec                      000000  000004  000004         0       0  CODE    
                cstackCOMRAM                   000001  000043  000044         1       1  COMRAM  
                intcode                        000008  0000AA  0000B2         4       0  CODE    
                cstackBANK0                    000060  000041  0000A1        60       1  BANK0   
                smallconst                     001000  00006E  00106E       800       0  SMALLCON
                text7                          00106E  00115A  0021C8       837       0  CODE    


UNUSED ADDRESS RANGES

        Name                Unused          Largest block    Delta
        BANK0            000A1-000FF              5F
        BANK1            00100-001FF             100
        BANK10           00A00-00AFF             100
        BANK11           00B00-00BFF             100
        BANK12           00C00-00CFF             100
        BANK13           00D00-00DFF             100
        BANK14           00E00-00EFF             100
        BANK15           00F00-00F53              54
        BANK2            00200-002FF             100
        BANK3            00300-003FF             100
        BANK4            00400-004FF             100
        BANK5            00500-005FF             100
        BANK6            00600-006FF             100
        BANK7            00700-007FF             100
        BANK8            00800-008FF             100
        BANK9            00900-009FF             100
        BIGRAM           00044-0005F              1C
                         000A1-00F53             EB3
        CODE             00004-00007               4
                         000B2-00FFF             F4E
                         021C8-1FFF7           1DE30
        COMRAM           00044-0005F              1C
        CONFIG           1FFFE-1FFFF               2
        CONST            00004-00007               4
                         000B2-00FFF             F4E
                         021C8-1FFF7           1DE30
        MEDIUMCONST      021C8-0FFFF            DE38
                         11000-1FFF7            EFF8
        RAM              000A1-00F53             100
        SFR              00F54-00FFF               C
        SMALLCONST       021C8-1FFF7             100
        STACK            000A1-00F53             EB3

                                  Symbol Table

?___aldiv                 cstackBANK0   00060
?___fladd                 cstackBANK0   00087
?___fldiv                 cstackBANK0   0006E
?___fltol                 cstackBANK0   00060
?___wmul                  cstackCOMRAM  00001
?___xxtofl                cstackBANK0   00060
?_atoi                    cstackCOMRAM  00008
?_freqCalc                cstackBANK0   0006E
?_isdigit                 cstackCOMRAM  00001
?_isspace                 cstackCOMRAM  00001
UART_Initial@baud_rate    cstackBANK0   00097
UART_Initial@bps          cstackBANK0   0009B
UART_Send@data            cstackCOMRAM  00001
UART_Send@i               cstackCOMRAM  00005
_BAUDCON1bits             (abs)         00F7E
_FREQ_ADDR                dataCOMRAM    0003F
_INTCONbits               (abs)         00FF2
_IPR1bits                 (abs)         00F9F
_LATE                     (abs)         00F8D
_LATEbits                 (abs)         00F8D
_LATH                     (abs)         00F90
_OSCCONbits               (abs)         00FD3
_PIE1bits                 (abs)         00F9D
_PIR1bits                 (abs)         00F9E
_RC1IF                    (abs)         07CF5
_RCIF                     (abs)         07CF5
_RCONbits                 (abs)         00FD0
_RCREG1                   (abs)         00FAE
_RCSTA1                   (abs)         00FAB
_SPBRG1                   (abs)         00FAF
_Str                      bssCOMRAM     0002D
_T1CON                    (abs)         00FCD
_T1CONbits                (abs)         00FCD
_TMR1                     (abs)         00FCE
_TMR1H                    (abs)         00FCF
_TMR1IF                   (abs)         07CF0
_TRISCbits                (abs)         00F94
_TRISE                    (abs)         00F96
_TRISH                    (abs)         00F99
_TRMT                     (abs)         07D61
_TXREG1                   (abs)         00FAD
_TXSTA1bits               (abs)         00FAC
_UART_Initial             text3         01E24
_UART_Send                text15        01F66
__HRAM                    (abs)         00000
__Habs1                   abs1          00000
__Hbank0                  bank0         00000
__Hbank1                  bank1         00000
__Hbank10                 bank10        00000
__Hbank11                 bank11        00000
__Hbank12                 bank12        00000
__Hbank13                 bank13        00000
__Hbank14                 bank14        00000
__Hbank15                 bank15        00000
__Hbank2                  bank2         00000
__Hbank3                  bank3         00000
__Hbank4                  bank4         00000
__Hbank5                  bank5         00000
__Hbank6                  bank6         00000
__Hbank7                  bank7         00000
__Hbank8                  bank8         00000
__Hbank9                  bank9         00000
__Hbigbss                 bigbss        00000
__Hbigdata                bigdata       00000
__Hbigram                 bigram        00000
__Hbss                    bss           00000
__HbssCOMRAM              bssCOMRAM     00000
__Hcinit                  cinit         00000
__Hclrtext                clrtext       00000
__Hcomram                 comram        00000
__Hconfig                 config        1FFFE
__Hconst                  const         00000
__HcstackBANK0            cstackBANK0   00000
__HcstackCOMRAM           cstackCOMRAM  00000
__Hdata                   data          00000
__HdataCOMRAM             dataCOMRAM    00000
__Hfarbss                 farbss        00000
__Hfardata                fardata       00000
__Hibigdata               ibigdata      00000
__Hidata                  idata         00000
__HidataCOMRAM            idataCOMRAM   00000
__Hidloc                  idloc         00000
__Hifardata               ifardata      00000
__Hinit                   init          000B2
__Hintcode                intcode       000AE
__Hintcode_body           intcode_body  00000
__Hintcodelo              intcodelo     000AE
__Hintentry               intentry      00000
__Hintret                 intret        00000
__Hintsave_regs           intsave_regs  00000
__Hirdata                 irdata        00000
__Hjflash_buffer          jflash_buffer 1F800
__Hmediumconst            mediumconst   00000
__HnvBANK0                nvBANK0       00000
__HnvFARRAM               nvFARRAM      00000
__Hnvbit                  nvbit         00000
__Hnvrram                 nvrram        00000
__Hparam                  rparam        00000
__Hpowerup                powerup       000AE
__Hram                    ram           00000
__Hramtop                 ramtop        01000
__Hrbit                   rbit          00000
__Hrbss                   rbss          00000
__Hrdata                  rdata         00000
__Hreset_vec              reset_vec     00004
__Hrparam                 rparam        00000
__Hsfr                    sfr           00000
__Hsmallconst             smallconst    0106E
__Hspace_0                (abs)         1F800
__Hspace_1                (abs)         000A1
__Hspace_2                (abs)         00000
__Hspace_4                (abs)         3FFF6
__Hstack                  stack         00000
__Hstruct                 struct        00000
__Htemp                   temp          00044
__Htext                   text          00000
__Htext0                  text0         00000
__Htext1                  text1         00000
__Htext10                 text10        00000
__Htext11                 text11        00000
__Htext12                 text12        00000
__Htext13                 text13        00000
__Htext14                 text14        00000
__Htext15                 text15        00000
__Htext2                  text2         00000
__Htext3                  text3         00000
__Htext4                  text4         00000
__Htext5                  text5         00000
__Htext6                  text6         00000
__Htext7                  text7         00000
__Htext9                  text9         00000
__LRAM                    (abs)         00001
__Labs1                   abs1          00000
__Lbank0                  bank0         00000
__Lbank1                  bank1         00000
__Lbank10                 bank10        00000
__Lbank11                 bank11        00000
__Lbank12                 bank12        00000
__Lbank13                 bank13        00000
__Lbank14                 bank14        00000
__Lbank15                 bank15        00000
__Lbank2                  bank2         00000
__Lbank3                  bank3         00000
__Lbank4                  bank4         00000
__Lbank5                  bank5         00000
__Lbank6                  bank6         00000
__Lbank7                  bank7         00000
__Lbank8                  bank8         00000
__Lbank9                  bank9         00000
__Lbigbss                 bigbss        00000
__Lbigdata                bigdata       00000
__Lbigram                 bigram        00000
__Lbss                    bss           00000
__LbssCOMRAM              bssCOMRAM     00000
__Lcinit                  cinit         00000
__Lclrtext                clrtext       00000
__Lcomram                 comram        00000
__Lconfig                 config        00000
__Lconst                  const         00000
__LcstackBANK0            cstackBANK0   00000
__LcstackCOMRAM           cstackCOMRAM  00000
__Ldata                   data          00000
__LdataCOMRAM             dataCOMRAM    00000
__Lfarbss                 farbss        00000
__Lfardata                fardata       00000
__Libigdata               ibigdata      00000
__Lidata                  idata         00000
__LidataCOMRAM            idataCOMRAM   00000
__Lidloc                  idloc         00000
__Lifardata               ifardata      00000
__Linit                   init          000AE
__Lintcode                intcode       00008
__Lintcode_body           intcode_body  00000
__Lintcodelo              intcodelo     000AE
__Lintentry               intentry      00000
__Lintret                 intret        00000
__Lintsave_regs           intsave_regs  00000
__Lirdata                 irdata        00000
__Ljflash_buffer          jflash_buffer 1F800
__Lmediumconst            mediumconst   00000
__LnvBANK0                nvBANK0       00000
__LnvFARRAM               nvFARRAM      00000
__Lnvbit                  nvbit         00000
__Lnvrram                 nvrram        00000
__Lparam                  rparam        00000
__Lpowerup                powerup       000AE
__Lram                    ram           00000
__Lramtop                 ramtop        01000
__Lrbit                   rbit          00000
__Lrbss                   rbss          00000
__Lrdata                  rdata         00000
__Lreset_vec              reset_vec     00000
__Lrparam                 rparam        00000
__Lsfr                    sfr           00000
__Lsmallconst             smallconst    01000
__Lspace_0                (abs)         00000
__Lspace_1                (abs)         00000
__Lspace_2                (abs)         00000
__Lspace_4                (abs)         00000
__Lstack                  stack         00000
__Lstruct                 struct        00000
__Ltemp                   temp          00043
__Ltext                   text          00000
__Ltext0                  text0         00000
__Ltext1                  text1         00000
__Ltext10                 text10        00000
__Ltext11                 text11        00000
__Ltext12                 text12        00000
__Ltext13                 text13        00000
__Ltext14                 text14        00000
__Ltext15                 text15        00000
__Ltext2                  text2         00000
__Ltext3                  text3         00000
__Ltext4                  text4         00000
__Ltext5                  text5         00000
__Ltext6                  text6         00000
__Ltext7                  text7         00000
__Ltext9                  text9         00000
__S0                      (abs)         021C8
__S1                      (abs)         000A1
__S2                      (abs)         00000
__S4                      (abs)         00000
___aldiv                  text2         01C0E
___aldiv@counter          cstackBANK0   00068
___aldiv@dividend         cstackBANK0   00060
___aldiv@divisor          cstackBANK0   00064
___aldiv@quotient         cstackBANK0   0006A
___aldiv@sign             cstackBANK0   00069
___extmem_base            (abs)         20000
___fladd                  text7         0106E
___fladd@a                cstackBANK0   0008B
___fladd@aexp             cstackBANK0   00094
___fladd@b                cstackBANK0   00087
___fladd@bexp             cstackBANK0   00095
___fladd@grs              cstackBANK0   00096
___fladd@signs            cstackBANK0   00093
___fldiv                  text6         01530
___fldiv@a                cstackBANK0   00072
___fldiv@aexp             cstackBANK0   00086
___fldiv@b                cstackBANK0   0006E
___fldiv@bexp             cstackBANK0   00085
___fldiv@grs              cstackBANK0   00081
___fldiv@new_exp          cstackBANK0   0007F
___fldiv@rem              cstackBANK0   0007A
___fldiv@sign             cstackBANK0   0007E
___fltol                  text5         01D1C
___fltol@exp1             cstackBANK0   00069
___fltol@f1               cstackBANK0   00060
___fltol@sign1            cstackBANK0   00068
___inthi_sp               stack         00000
___intlo_sp               stack         00000
___param_bank             (abs)         00000
___rparam_used            (abs)         00001
___sp                     stack         00000
___wmul                   text14        0219E
___wmul@multiplicand      cstackCOMRAM  00003
___wmul@multiplier        cstackCOMRAM  00001
___wmul@product           cstackCOMRAM  00005
___xxtofl                 text4         018CC
___xxtofl@arg             cstackBANK0   0006A
___xxtofl@exp             cstackBANK0   00069
___xxtofl@sign            cstackBANK0   00068
___xxtofl@val             cstackBANK0   00060
__accesstop               (abs)         00060
__activetblptr            (abs)         00003
__end_of_UART_Initial     text3         01ECC
__end_of_UART_Send        text15        01FF4
__end_of___aldiv          text2         01D1C
__end_of___fladd          text7         01530
__end_of___fldiv          text6         018CC
__end_of___fltol          text5         01E24
__end_of___wmul           text14        021C4
__end_of___xxtofl         text4         01A84
__end_of__initialization  cinit         0216A
__end_of_atoi             text11        01C0E
__end_of_check_char       text9         0219E
__end_of_freqCalc         text1         02056
__end_of_high_isr         intcode       000AE
__end_of_isdigit          text13        0213E
__end_of_isspace          text12        02106
__end_of_main             text0         020B4
__end_of_take_freq        text10        01F66
__initialization          cinit         0213E
__mediumconst             mediumconst   00000
__pbssCOMRAM              bssCOMRAM     0002D
__pcinit                  cinit         0213E
__pcstackBANK0            cstackBANK0   00060
__pcstackCOMRAM           cstackCOMRAM  00001
__pdataCOMRAM             dataCOMRAM    0003F
__pidataCOMRAM            idataCOMRAM   021C4
__pintcode                intcode       00008
__pnvBANK0                nvBANK0       0009F
__psmallconst             smallconst    01000
__ptext0                  text0         02056
__ptext1                  text1         01FF4
__ptext10                 text10        01ECC
__ptext11                 text11        01A84
__ptext12                 text12        020B4
__ptext13                 text13        02106
__ptext14                 text14        0219E
__ptext15                 text15        01F66
__ptext2                  text2         01C0E
__ptext3                  text3         01E24
__ptext4                  text4         018CC
__ptext5                  text5         01D1C
__ptext6                  text6         01530
__ptext7                  text7         0106E
__ptext9                  text9         02174
__ramtop                  ramtop        01000
__size_of_UART_Initial    (abs)         00000
__size_of_UART_Send       (abs)         00000
__size_of___aldiv         (abs)         00000
__size_of___fladd         (abs)         00000
__size_of___fldiv         (abs)         00000
__size_of___fltol         (abs)         00000
__size_of___wmul          (abs)         00000
__size_of___xxtofl        (abs)         00000
__size_of_atoi            (abs)         00000
__size_of_check_char      (abs)         00000
__size_of_freqCalc        (abs)         00000
__size_of_high_isr        (abs)         00000
__size_of_isdigit         (abs)         00000
__size_of_isspace         (abs)         00000
__size_of_main            (abs)         00000
__size_of_take_freq       (abs)         00000
__smallconst              smallconst    01000
_a                        bssCOMRAM     0003E
_accel                    dataCOMRAM    00041
_atoi                     text11        01A84
_atoi$1164                cstackCOMRAM  00010
_atoi$1165                cstackCOMRAM  00014
_atoi$1166                cstackCOMRAM  00012
_check_char               text9         02174
_currentFrequency         bssCOMRAM     00039
_dir                      bssCOMRAM     0003D
_freqCalc                 text1         01FF4
_hex                      nvBANK0       0009F
_high_isr                 intcode       00008
_int_dir                  bssCOMRAM     00033
_int_freq                 bssCOMRAM     00035
_isdigit                  text13        02106
_isspace                  text12        020B4
_isspace$1182             cstackCOMRAM  00007
_lastFrequency            bssCOMRAM     0003B
_main                     text0         02056
_take_freq                text10        01ECC
_targetFreq               bssCOMRAM     00037
atoi@n                    cstackCOMRAM  00015
atoi@neg                  cstackCOMRAM  0000E
atoi@s                    cstackCOMRAM  00008
btemp                     temp          00043
check_char@rec            cstackCOMRAM  00020
end_of_initialization     cinit         0216A
freqCalc@cal              cstackBANK0   00076
freqCalc@f                cstackBANK0   0006E
freqCalc@t                cstackBANK0   00074
freqCalc@temp             cstackBANK0   00072
high_isr@rec              cstackCOMRAM  0002C
int$flags                 temp          00043
intlevel0                 text          00000
intlevel1                 text          00000
intlevel2                 text          00000
intlevel3                 text          00000
isdigit@c                 cstackCOMRAM  00001
isspace@c                 cstackCOMRAM  00001
stackhi                   (abs)         00F53
stacklo                   (abs)         000A1
start                     init          000AE
start_initialization      cinit         0213E
take_freq@F5578           bssCOMRAM     00031
take_freq@i               cstackCOMRAM  0001B
take_freq@input_frequency cstackCOMRAM  0001E
take_freq@tp              cstackCOMRAM  0001D
ttemp5                    temp          00044
ttemp6                    temp          00047
ttemp7                    temp          0004B
wtemp8                    temp          00044


FUNCTION INFORMATION:

 *************** function _main *****************
 Defined at:
		line 82 in file "main.c"
 Parameters:    Size  Location     Type
		None
 Auto vars:     Size  Location     Type
		None
 Return value:  Size  Location     Type
                  1    wreg      void 
 Registers used:
		wreg, status,2, status,0, cstack
 Tracked objects:
		On entry : 
		On exit  : 
		Unchanged: 
 Data sizes:     COMRAM   BANK0   BANK1   BANK2   BANK3   BANK4   BANK5   BANK6   BANK7   BANK8   BANK9  BANK10  BANK11  BANK12  BANK13  BANK14  BANK15
      Params:         0       0       0       0       0       0       0       0       0       0       0       0       0       0       0       0       0
      Locals:         0       0       0       0       0       0       0       0       0       0       0       0       0       0       0       0       0
      Temps:          0       0       0       0       0       0       0       0       0       0       0       0       0       0       0       0       0
      Totals:         0       0       0       0       0       0       0       0       0       0       0       0       0       0       0       0       0
Total ram usage:        0 bytes
 Hardware stack levels required when called:    7
 This function calls:
		_UART_Initial
		_freqCalc
 This function is called by:
		Startup code after reset
 This function uses a non-reentrant model


 *************** function _freqCalc *****************
 Defined at:
		line 74 in file "main.c"
 Parameters:    Size  Location     Type
  f               2   14[BANK0 ] int 
 Auto vars:     Size  Location     Type
  cal             2   22[BANK0 ] int 
  t               2   20[BANK0 ] int 
  temp            2   18[BANK0 ] int 
 Return value:  Size  Location     Type
                  2   14[BANK0 ] unsigned short 
 Registers used:
		wreg, status,2, status,0, cstack
 Tracked objects:
		On entry : 
		On exit  : 
		Unchanged: 
 Data sizes:     COMRAM   BANK0   BANK1   BANK2   BANK3   BANK4   BANK5   BANK6   BANK7   BANK8   BANK9  BANK10  BANK11  BANK12  BANK13  BANK14  BANK15
      Params:         0       2       0       0       0       0       0       0       0       0       0       0       0       0       0       0       0
      Locals:         0       6       0       0       0       0       0       0       0       0       0       0       0       0       0       0       0
      Temps:          0       2       0       0       0       0       0       0       0       0       0       0       0       0       0       0       0
      Totals:         0      10       0       0       0       0       0       0       0       0       0       0       0       0       0       0       0
Total ram usage:       10 bytes
 Hardware stack levels used:    1
 Hardware stack levels required when called:    6
 This function calls:
		___aldiv
 This function is called by:
		_main
 This function uses a non-reentrant model


 *************** function ___aldiv *****************
 Defined at:
		line 7 in file "C:\Program Files\Microchip\xc8\v2.20\pic\sources\c99\common\aldiv.c"
 Parameters:    Size  Location     Type
  dividend        4    0[BANK0 ] long 
  divisor         4    4[BANK0 ] long 
 Auto vars:     Size  Location     Type
  quotient        4   10[BANK0 ] long 
  sign            1    9[BANK0 ] unsigned char 
  counter         1    8[BANK0 ] unsigned char 
 Return value:  Size  Location     Type
                  4    0[BANK0 ] long 
 Registers used:
		wreg, status,2, status,0
 Tracked objects:
		On entry : 
		On exit  : 
		Unchanged: 
 Data sizes:     COMRAM   BANK0   BANK1   BANK2   BANK3   BANK4   BANK5   BANK6   BANK7   BANK8   BANK9  BANK10  BANK11  BANK12  BANK13  BANK14  BANK15
      Params:         0       8       0       0       0       0       0       0       0       0       0       0       0       0       0       0       0
      Locals:         0       6       0       0       0       0       0       0       0       0       0       0       0       0       0       0       0
      Temps:          0       0       0       0       0       0       0       0       0       0       0       0       0       0       0       0       0
      Totals:         0      14       0       0       0       0       0       0       0       0       0       0       0       0       0       0       0
Total ram usage:       14 bytes
 Hardware stack levels used:    1
 Hardware stack levels required when called:    5
 This function calls:
		Nothing
 This function is called by:
		_freqCalc
 This function uses a non-reentrant model


 *************** function _UART_Initial *****************
 Defined at:
		line 37 in file "main.c"
 Parameters:    Size  Location     Type
  baud_rate       4   55[BANK0 ] long 
 Auto vars:     Size  Location     Type
  bps             4   59[BANK0 ] float 
 Return value:  Size  Location     Type
                  1    wreg      void 
 Registers used:
		wreg, status,2, status,0, cstack
 Tracked objects:
		On entry : 
		On exit  : 
		Unchanged: 
 Data sizes:     COMRAM   BANK0   BANK1   BANK2   BANK3   BANK4   BANK5   BANK6   BANK7   BANK8   BANK9  BANK10  BANK11  BANK12  BANK13  BANK14  BANK15
      Params:         0       4       0       0       0       0       0       0       0       0       0       0       0       0       0       0       0
      Locals:         0       4       0       0       0       0       0       0       0       0       0       0       0       0       0       0       0
      Temps:          0       0       0       0       0       0       0       0       0       0       0       0       0       0       0       0       0
      Totals:         0       8       0       0       0       0       0       0       0       0       0       0       0       0       0       0       0
Total ram usage:        8 bytes
 Hardware stack levels used:    1
 Hardware stack levels required when called:    6
 This function calls:
		___fladd
		___fldiv
		___fltol
		___xxtofl
 This function is called by:
		_main
 This function uses a non-reentrant model


 *************** function ___xxtofl *****************
 Defined at:
		line 10 in file "C:\Program Files\Microchip\xc8\v2.20\pic\sources\c99\common\xxtofl.c"
 Parameters:    Size  Location     Type
  sign            1    wreg     unsigned char 
  val             4    0[BANK0 ] long 
 Auto vars:     Size  Location     Type
  sign            1    8[BANK0 ] unsigned char 
  arg             4   10[BANK0 ] unsigned long 
  exp             1    9[BANK0 ] unsigned char 
 Return value:  Size  Location     Type
                  4    0[BANK0 ] unsigned char 
 Registers used:
		wreg, status,2, status,0
 Tracked objects:
		On entry : 
		On exit  : 
		Unchanged: 
 Data sizes:     COMRAM   BANK0   BANK1   BANK2   BANK3   BANK4   BANK5   BANK6   BANK7   BANK8   BANK9  BANK10  BANK11  BANK12  BANK13  BANK14  BANK15
      Params:         0       4       0       0       0       0       0       0       0       0       0       0       0       0       0       0       0
      Locals:         0       6       0       0       0       0       0       0       0       0       0       0       0       0       0       0       0
      Temps:          0       4       0       0       0       0       0       0       0       0       0       0       0       0       0       0       0
      Totals:         0      14       0       0       0       0       0       0       0       0       0       0       0       0       0       0       0
Total ram usage:       14 bytes
 Hardware stack levels used:    1
 Hardware stack levels required when called:    5
 This function calls:
		Nothing
 This function is called by:
		_UART_Initial
 This function uses a non-reentrant model


 *************** function ___fltol *****************
 Defined at:
		line 43 in file "C:\Program Files\Microchip\xc8\v2.20\pic\sources\c99\common\fltol.c"
 Parameters:    Size  Location     Type
  f1              4    0[BANK0 ] unsigned char 
 Auto vars:     Size  Location     Type
  exp1            1    9[BANK0 ] unsigned char 
  sign1           1    8[BANK0 ] unsigned char 
 Return value:  Size  Location     Type
                  4    0[BANK0 ] long 
 Registers used:
		wreg, status,2, status,0
 Tracked objects:
		On entry : 
		On exit  : 
		Unchanged: 
 Data sizes:     COMRAM   BANK0   BANK1   BANK2   BANK3   BANK4   BANK5   BANK6   BANK7   BANK8   BANK9  BANK10  BANK11  BANK12  BANK13  BANK14  BANK15
      Params:         0       4       0       0       0       0       0       0       0       0       0       0       0       0       0       0       0
      Locals:         0       2       0       0       0       0       0       0       0       0       0       0       0       0       0       0       0
      Temps:          0       4       0       0       0       0       0       0       0       0       0       0       0       0       0       0       0
      Totals:         0      10       0       0       0       0       0       0       0       0       0       0       0       0       0       0       0
Total ram usage:       10 bytes
 Hardware stack levels used:    1
 Hardware stack levels required when called:    5
 This function calls:
		Nothing
 This function is called by:
		_UART_Initial
 This function uses a non-reentrant model


 *************** function ___fldiv *****************
 Defined at:
		line 11 in file "C:\Program Files\Microchip\xc8\v2.20\pic\sources\c99\common\sprcdiv.c"
 Parameters:    Size  Location     Type
  b               4   14[BANK0 ] long 
  a               4   18[BANK0 ] long 
 Auto vars:     Size  Location     Type
  grs             4   33[BANK0 ] unsigned long 
  rem             4   26[BANK0 ] unsigned long 
  new_exp         2   31[BANK0 ] short 
  aexp            1   38[BANK0 ] unsigned char 
  bexp            1   37[BANK0 ] unsigned char 
  sign            1   30[BANK0 ] unsigned char 
 Return value:  Size  Location     Type
                  4   14[BANK0 ] unsigned char 
 Registers used:
		wreg, status,2, status,0
 Tracked objects:
		On entry : 
		On exit  : 
		Unchanged: 
 Data sizes:     COMRAM   BANK0   BANK1   BANK2   BANK3   BANK4   BANK5   BANK6   BANK7   BANK8   BANK9  BANK10  BANK11  BANK12  BANK13  BANK14  BANK15
      Params:         0       8       0       0       0       0       0       0       0       0       0       0       0       0       0       0       0
      Locals:         0      13       0       0       0       0       0       0       0       0       0       0       0       0       0       0       0
      Temps:          0       4       0       0       0       0       0       0       0       0       0       0       0       0       0       0       0
      Totals:         0      25       0       0       0       0       0       0       0       0       0       0       0       0       0       0       0
Total ram usage:       25 bytes
 Hardware stack levels used:    1
 Hardware stack levels required when called:    5
 This function calls:
		Nothing
 This function is called by:
		_UART_Initial
 This function uses a non-reentrant model


 *************** function ___fladd *****************
 Defined at:
		line 10 in file "C:\Program Files\Microchip\xc8\v2.20\pic\sources\c99\common\sprcadd.c"
 Parameters:    Size  Location     Type
  b               4   39[BANK0 ] unsigned char 
  a               4   43[BANK0 ] unsigned char 
 Auto vars:     Size  Location     Type
  grs             1   54[BANK0 ] unsigned char 
  bexp            1   53[BANK0 ] unsigned char 
  aexp            1   52[BANK0 ] unsigned char 
  signs           1   51[BANK0 ] unsigned char 
 Return value:  Size  Location     Type
                  4   39[BANK0 ] unsigned char 
 Registers used:
		wreg, status,2, status,0
 Tracked objects:
		On entry : 
		On exit  : 
		Unchanged: 
 Data sizes:     COMRAM   BANK0   BANK1   BANK2   BANK3   BANK4   BANK5   BANK6   BANK7   BANK8   BANK9  BANK10  BANK11  BANK12  BANK13  BANK14  BANK15
      Params:         0       8       0       0       0       0       0       0       0       0       0       0       0       0       0       0       0
      Locals:         0       4       0       0       0       0       0       0       0       0       0       0       0       0       0       0       0
      Temps:          0       4       0       0       0       0       0       0       0       0       0       0       0       0       0       0       0
      Totals:         0      16       0       0       0       0       0       0       0       0       0       0       0       0       0       0       0
Total ram usage:       16 bytes
 Hardware stack levels used:    1
 Hardware stack levels required when called:    5
 This function calls:
		Nothing
 This function is called by:
		_UART_Initial
 This function uses a non-reentrant model


 *************** function _high_isr *****************
 Defined at:
		line 164 in file "main.c"
 Parameters:    Size  Location     Type
		None
 Auto vars:     Size  Location     Type
  rec             1   43[COMRAM] unsigned char 
 Return value:  Size  Location     Type
                  1    wreg      void 
 Registers used:
		wreg, fsr0l, fsr0h, fsr2l, fsr2h, status,2, status,0, tblptrl, tblptrh, tblptru, prodl, prodh, cstack
 Tracked objects:
		On entry : 
		On exit  : 
		Unchanged: 
 Data sizes:     COMRAM   BANK0   BANK1   BANK2   BANK3   BANK4   BANK5   BANK6   BANK7   BANK8   BANK9  BANK10  BANK11  BANK12  BANK13  BANK14  BANK15
      Params:         0       0       0       0       0       0       0       0       0       0       0       0       0       0       0       0       0
      Locals:         1       0       0       0       0       0       0       0       0       0       0       0       0       0       0       0       0
      Temps:         11       0       0       0       0       0       0       0       0       0       0       0       0       0       0       0       0
      Totals:        12       0       0       0       0       0       0       0       0       0       0       0       0       0       0       0       0
Total ram usage:       12 bytes
 Hardware stack levels used:    1
 Hardware stack levels required when called:    4
 This function calls:
		_check_char
 This function is called by:
		Interrupt level 2
 This function uses a non-reentrant model


 *************** function _check_char *****************
 Defined at:
		line 156 in file "main.c"
 Parameters:    Size  Location     Type
  rec             1    wreg     unsigned char 
 Auto vars:     Size  Location     Type
  rec             1   31[COMRAM] unsigned char 
 Return value:  Size  Location     Type
                  1    wreg      void 
 Registers used:
		wreg, fsr0l, fsr0h, fsr2l, fsr2h, status,2, status,0, tblptrl, tblptrh, tblptru, prodl, prodh, cstack
 Tracked objects:
		On entry : 
		On exit  : 
		Unchanged: 
 Data sizes:     COMRAM   BANK0   BANK1   BANK2   BANK3   BANK4   BANK5   BANK6   BANK7   BANK8   BANK9  BANK10  BANK11  BANK12  BANK13  BANK14  BANK15
      Params:         0       0       0       0       0       0       0       0       0       0       0       0       0       0       0       0       0
      Locals:         1       0       0       0       0       0       0       0       0       0       0       0       0       0       0       0       0
      Temps:          0       0       0       0       0       0       0       0       0       0       0       0       0       0       0       0       0
      Totals:         1       0       0       0       0       0       0       0       0       0       0       0       0       0       0       0       0
Total ram usage:        1 bytes
 Hardware stack levels used:    1
 Hardware stack levels required when called:    3
 This function calls:
		_UART_Send
		_take_freq
 This function is called by:
		_high_isr
 This function uses a non-reentrant model


 *************** function _take_freq *****************
 Defined at:
		line 139 in file "main.c"
 Parameters:    Size  Location     Type
		None
 Auto vars:     Size  Location     Type
  input_freque    2   29[COMRAM] unsigned char [2]
  i               2   26[COMRAM] int 
  inp_freq_num    2    0        int 
  tp              1   28[COMRAM] unsigned char 
 Return value:  Size  Location     Type
                  2  108[None  ] int 
 Registers used:
		wreg, fsr0l, fsr0h, fsr2l, fsr2h, status,2, status,0, tblptrl, tblptrh, tblptru, prodl, prodh, cstack
 Tracked objects:
		On entry : 
		On exit  : 
		Unchanged: 
 Data sizes:     COMRAM   BANK0   BANK1   BANK2   BANK3   BANK4   BANK5   BANK6   BANK7   BANK8   BANK9  BANK10  BANK11  BANK12  BANK13  BANK14  BANK15
      Params:         0       0       0       0       0       0       0       0       0       0       0       0       0       0       0       0       0
      Locals:         7       0       0       0       0       0       0       0       0       0       0       0       0       0       0       0       0
      Temps:          2       0       0       0       0       0       0       0       0       0       0       0       0       0       0       0       0
      Totals:         9       0       0       0       0       0       0       0       0       0       0       0       0       0       0       0       0
Total ram usage:        9 bytes
 Hardware stack levels used:    1
 Hardware stack levels required when called:    2
 This function calls:
		_UART_Send
		_atoi
 This function is called by:
		_check_char
 This function uses a non-reentrant model


 *************** function _atoi *****************
 Defined at:
		line 4 in file "C:\Program Files\Microchip\xc8\v2.20\pic\sources\c99\common\atoi.c"
 Parameters:    Size  Location     Type
  s               2    7[COMRAM] PTR const unsigned char 
		 -> take_freq@input_frequency(2), 
 Auto vars:     Size  Location     Type
  n               2   20[COMRAM] int 
  neg             2   13[COMRAM] int 
 Return value:  Size  Location     Type
                  2    7[COMRAM] int 
 Registers used:
		wreg, fsr2l, fsr2h, status,2, status,0, prodl, prodh, cstack
 Tracked objects:
		On entry : 
		On exit  : 
		Unchanged: 
 Data sizes:     COMRAM   BANK0   BANK1   BANK2   BANK3   BANK4   BANK5   BANK6   BANK7   BANK8   BANK9  BANK10  BANK11  BANK12  BANK13  BANK14  BANK15
      Params:         2       0       0       0       0       0       0       0       0       0       0       0       0       0       0       0       0
      Locals:         9       0       0       0       0       0       0       0       0       0       0       0       0       0       0       0       0
      Temps:          4       0       0       0       0       0       0       0       0       0       0       0       0       0       0       0       0
      Totals:        15       0       0       0       0       0       0       0       0       0       0       0       0       0       0       0       0
Total ram usage:       15 bytes
 Hardware stack levels used:    1
 Hardware stack levels required when called:    1
 This function calls:
		___wmul
		_isdigit
		_isspace
 This function is called by:
		_take_freq
 This function uses a non-reentrant model


 *************** function _isspace *****************
 Defined at:
		line 5 in file "C:\Program Files\Microchip\xc8\v2.20\pic\sources\c99\common\isspace.c"
 Parameters:    Size  Location     Type
  c               2    0[COMRAM] int 
 Auto vars:     Size  Location     Type
		None
 Return value:  Size  Location     Type
                  2    0[COMRAM] int 
 Registers used:
		wreg, status,2, status,0
 Tracked objects:
		On entry : 
		On exit  : 
		Unchanged: 
 Data sizes:     COMRAM   BANK0   BANK1   BANK2   BANK3   BANK4   BANK5   BANK6   BANK7   BANK8   BANK9  BANK10  BANK11  BANK12  BANK13  BANK14  BANK15
      Params:         2       0       0       0       0       0       0       0       0       0       0       0       0       0       0       0       0
      Locals:         1       0       0       0       0       0       0       0       0       0       0       0       0       0       0       0       0
      Temps:          4       0       0       0       0       0       0       0       0       0       0       0       0       0       0       0       0
      Totals:         7       0       0       0       0       0       0       0       0       0       0       0       0       0       0       0       0
Total ram usage:        7 bytes
 Hardware stack levels used:    1
 This function calls:
		Nothing
 This function is called by:
		_atoi
 This function uses a non-reentrant model


 *************** function _isdigit *****************
 Defined at:
		line 5 in file "C:\Program Files\Microchip\xc8\v2.20\pic\sources\c99\common\isdigit.c"
 Parameters:    Size  Location     Type
  c               2    0[COMRAM] int 
 Auto vars:     Size  Location     Type
		None
 Return value:  Size  Location     Type
                  2    0[COMRAM] int 
 Registers used:
		wreg, status,2, status,0
 Tracked objects:
		On entry : 
		On exit  : 
		Unchanged: 
 Data sizes:     COMRAM   BANK0   BANK1   BANK2   BANK3   BANK4   BANK5   BANK6   BANK7   BANK8   BANK9  BANK10  BANK11  BANK12  BANK13  BANK14  BANK15
      Params:         2       0       0       0       0       0       0       0       0       0       0       0       0       0       0       0       0
      Locals:         0       0       0       0       0       0       0       0       0       0       0       0       0       0       0       0       0
      Temps:          4       0       0       0       0       0       0       0       0       0       0       0       0       0       0       0       0
      Totals:         6       0       0       0       0       0       0       0       0       0       0       0       0       0       0       0       0
Total ram usage:        6 bytes
 Hardware stack levels used:    1
 This function calls:
		Nothing
 This function is called by:
		_atoi
 This function uses a non-reentrant model


 *************** function ___wmul *****************
 Defined at:
		line 15 in file "C:\Program Files\Microchip\xc8\v2.20\pic\sources\c99\common\Umul16.c"
 Parameters:    Size  Location     Type
  multiplier      2    0[COMRAM] unsigned int 
  multiplicand    2    2[COMRAM] unsigned int 
 Auto vars:     Size  Location     Type
  product         2    4[COMRAM] unsigned int 
 Return value:  Size  Location     Type
                  2    0[COMRAM] unsigned int 
 Registers used:
		wreg, status,2, status,0, prodl, prodh
 Tracked objects:
		On entry : 
		On exit  : 
		Unchanged: 
 Data sizes:     COMRAM   BANK0   BANK1   BANK2   BANK3   BANK4   BANK5   BANK6   BANK7   BANK8   BANK9  BANK10  BANK11  BANK12  BANK13  BANK14  BANK15
      Params:         4       0       0       0       0       0       0       0       0       0       0       0       0       0       0       0       0
      Locals:         2       0       0       0       0       0       0       0       0       0       0       0       0       0       0       0       0
      Temps:          0       0       0       0       0       0       0       0       0       0       0       0       0       0       0       0       0
      Totals:         6       0       0       0       0       0       0       0       0       0       0       0       0       0       0       0       0
Total ram usage:        6 bytes
 Hardware stack levels used:    1
 This function calls:
		Nothing
 This function is called by:
		_atoi
 This function uses a non-reentrant model


 *************** function _UART_Send *****************
 Defined at:
		line 187 in file "main.c"
 Parameters:    Size  Location     Type
  data            2    0[COMRAM] PTR unsigned char 
		 -> STR_5(24), STR_4(13), STR_3(37), take_freq@input_frequency(2), 
		 -> STR_1(32), 
 Auto vars:     Size  Location     Type
  i               2    4[COMRAM] int 
 Return value:  Size  Location     Type
                  1    wreg      void 
 Registers used:
		wreg, fsr0l, fsr0h, status,2, status,0, tblptrl, tblptrh, tblptru
 Tracked objects:
		On entry : 
		On exit  : 
		Unchanged: 
 Data sizes:     COMRAM   BANK0   BANK1   BANK2   BANK3   BANK4   BANK5   BANK6   BANK7   BANK8   BANK9  BANK10  BANK11  BANK12  BANK13  BANK14  BANK15
      Params:         2       0       0       0       0       0       0       0       0       0       0       0       0       0       0       0       0
      Locals:         2       0       0       0       0       0       0       0       0       0       0       0       0       0       0       0       0
      Temps:          2       0       0       0       0       0       0       0       0       0       0       0       0       0       0       0       0
      Totals:         6       0       0       0       0       0       0       0       0       0       0       0       0       0       0       0       0
Total ram usage:        6 bytes
 Hardware stack levels used:    1
 This function calls:
		Nothing
 This function is called by:
		_take_freq
		_check_char
		_gets_UART1
 This function uses a non-reentrant model



MODULE INFORMATION

Module		Function		Class		Link	Load	Size
C:\Program Files\Microchip\xc8\v2.20\pic\sources\c99\common\isdigit.c
		_isdigit       		CODE           	2106	0000	57

C:\Program Files\Microchip\xc8\v2.20\pic\sources\c99\common\isdigit.c estimated size: 57

C:\Program Files\Microchip\xc8\v2.20\pic\sources\c99\common\sprcadd.c
		___fladd       		CODE           	106E	0000	1219

C:\Program Files\Microchip\xc8\v2.20\pic\sources\c99\common\sprcadd.c estimated size: 1219

C:\Program Files\Microchip\xc8\v2.20\pic\sources\c99\common\Umul16.c
		___wmul        		CODE           	219E	0000	39

C:\Program Files\Microchip\xc8\v2.20\pic\sources\c99\common\Umul16.c estimated size: 39

shared
		__initialization		CODE           	213E	0000	45

shared estimated size: 45

C:\Program Files\Microchip\xc8\v2.20\pic\sources\c99\common\isspace.c
		_isspace       		CODE           	20B4	0000	83

C:\Program Files\Microchip\xc8\v2.20\pic\sources\c99\common\isspace.c estimated size: 83

C:\Program Files\Microchip\xc8\v2.20\pic\sources\c99\common\sprcdiv.c
		___fldiv       		CODE           	1530	0000	925

C:\Program Files\Microchip\xc8\v2.20\pic\sources\c99\common\sprcdiv.c estimated size: 925

C:\Program Files\Microchip\xc8\v2.20\pic\sources\c99\common\atoi.c
		_atoi          		CODE           	1A84	0000	395

C:\Program Files\Microchip\xc8\v2.20\pic\sources\c99\common\atoi.c estimated size: 395

C:\Program Files\Microchip\xc8\v2.20\pic\sources\c99\common\fltol.c
		___fltol       		CODE           	1D1C	0000	265

C:\Program Files\Microchip\xc8\v2.20\pic\sources\c99\common\fltol.c estimated size: 265

main.c
		_main          		CODE           	2056	0000	95
		_UART_Initial  		CODE           	1E24	0000	169
		_high_isr      		CODE           	0008	0000	167
		_check_char    		CODE           	2174	0000	43
		_UART_Send     		CODE           	1F66	0000	143
		_take_freq     		CODE           	1ECC	0000	155
		_freqCalc      		CODE           	1FF4	0000	99

main.c estimated size: 871

C:\Program Files\Microchip\xc8\v2.20\pic\sources\c99\common\xxtofl.c
		___xxtofl      		CODE           	18CC	0000	441

C:\Program Files\Microchip\xc8\v2.20\pic\sources\c99\common\xxtofl.c estimated size: 441

C:\Program Files\Microchip\xc8\v2.20\pic\sources\c99\common\aldiv.c
		___aldiv       		CODE           	1C0E	0000	271

C:\Program Files\Microchip\xc8\v2.20\pic\sources\c99\common\aldiv.c estimated size: 271

