Microchip MPLAB XC8 Compiler V2.20

Linker command line:

-W-3 --edf=C:\Program Files\Microchip\xc8\v2.20\pic\dat\en_msgs.txt -cn \
  -h+dist/default/debug\flash_access.X.debug.sym \
  --cmf=dist/default/debug\flash_access.X.debug.cmf -z -Q18F87J90 \
  -oC:\Users\DELL\AppData\Local\Temp\s8vc.2 --defsym=__MPLAB_BUILD=1 \
  -Mdist/default/debug/flash_access.X.debug.map -E1 -ver=XC8 Compiler \
  --acfsm=1493 -ASTACK=0200h-0F53h -pstack=STACK -ACODE=00h-01FFF7h \
  -ACONST=00h-01FFF7h -ASMALLCONST=01000h-010FFhx495,01FF00h-01FFF7h \
  -AMEDIUMCONST=01000h-0FFFFh,011000h-01FFF7h -ACOMRAM=01h-05Fh \
  -AABS1=00h-0F53h -ABIGRAM=01h-0F53h \
  -ARAM=060h-0FFh,0100h-01FFhx14,0F00h-0F53h -ABANK0=060h-0FFh \
  -ABANK1=0100h-01FFh -ABANK2=0200h-02FFh -ABANK3=0300h-03FFh \
  -ABANK4=0400h-04FFh -ABANK5=0500h-05FFh -ABANK6=0600h-06FFh \
  -ABANK7=0700h-07FFh -ABANK8=0800h-08FFh -ABANK9=0900h-09FFh \
  -ABANK10=0A00h-0AFFh -ABANK11=0B00h-0BFFh -ABANK12=0C00h-0CFFh \
  -ABANK13=0D00h-0DFFh -ABANK14=0E00h-0EFFh -ABANK15=0F00h-0F53h \
  -ASFR=0F54h-0F5Fh,0F60h-0FFFh -ACONFIG=01FFF8h-01FFFFh \
  -preset_vec=00h,intcode=08h,intcodelo,powerup,init -pramtop=01000h \
  -psmallconst=SMALLCONST -pmediumconst=MEDIUMCONST -pconst=CONST \
  -AFARRAM=00h-00h -pjflash_buffer=01F800h \
  -prdata=COMRAM,nvrram=COMRAM,nvbit=COMRAM,rbss=COMRAM,rbit=COMRAM \
  -pfarbss=FARRAM,fardata=FARRAM,nvFARRAM=FARRAM \
  -pintsave_regs=BIGRAM,bigbss=BIGRAM,bigdata=BIGRAM -pbss=RAM \
  -pidata=CODE,irdata=CODE,ibigdata=CODE,ifardata=CODE -prparam=COMRAM \
  C:\Users\DELL\AppData\Local\Temp\s8vc.o \
  dist/default/debug\flash_access.X.debug.o 

Object code version is 3.11

Machine type is 18F87J90



                Name                               Link     Load   Length Selector   Space Scale
C:\Users\DELL\AppData\Local\Temp\s8vc.o
                config                            1FFF8    1FFF8        6        0       4
                init                                 46       46        4        4       0
                reset_vec                             0        0        4        0       0
dist/default/debug\flash_access.X.debug.o
                intcode                               8        8       3E        4       0
                config                            1FFF8    1FFF8        6        0       4
                temp                                 5D       5D        1        1       1
                smallconst                         1000     1000        A      800       0
                text30                             100A     100A      4C0      805       0
                text29                             1876     1876      39A      805       0
                text28                             2348     2348      106      805       0
                text27                             1EE4     1EE4      1B4      805       0
                text26                             26B4     26B4       A0      805       0
                text25                             2C2C     2C2C       16      805       0
                text24                             29D4     29D4       4E      805       0
                text23                             2C14     2C14       18      805       0
                text22                             2BF2     2BF2       22      805       0
                text21                             2754     2754       6C      805       0
                text20                             2A22     2A22       4C      805       0
                text19                             223C     223C      10C      805       0
                text18                             2884     2884       5E      805       0
                text17                             2BCC     2BCC       26      805       0
                text16                             2B5E     2B5E       38      805       0
                text15                             2934     2934       52      805       0
                text14                             2098     2098      1A4      805       0
                text13                             2AB2     2AB2       3C      805       0
                text12                             2B26     2B26       38      805       0
                text11                             2C46     2C46        2      805       0
                text10                             2528     2528       CA      805       0
                text9                              2A6E     2A6E       44      805       0
                text8                              2B96     2B96       36      805       0
                text7                              25F2     25F2       C2      805       0
                text6                              2AEE     2AEE       38      805       0
                text5                              2826     2826       5E      805       0
                text4                              1C10     1C10      2D4      805       0
                text3                              14CA     14CA      3AC      805       0
                text2                              27C0     27C0       66      805       0
                text1                              28E2     28E2       52      805       0
                text0                              244E     244E       DA      805       0
                cstackCOMRAM                          1        1       5A        1       1
                cstackBANK0                          8D       8D       1A       60       1
                bssBANK1                            100      100      100      100       1
                dataBANK0                            A7       A7        4       60       1
                bssBANK0                             60       60       2D       60       1
                bssCOMRAM                            5B       5B        2        1       1
                cinit                              2986     2986       4E      805       0
                idataBANK0                         2C42     2C42        4      805       0

TOTAL           Name                               Link     Load   Length     Space
        CLASS   STACK          

        CLASS   CODE           
                intcode                               8        8       3E         0
                init                                 46       46        4         0
                reset_vec                             0        0        4         0
                text30                             100A     100A      4C0         0
                text29                             1876     1876      39A         0
                text28                             2348     2348      106         0
                text27                             1EE4     1EE4      1B4         0
                text26                             26B4     26B4       A0         0
                text25                             2C2C     2C2C       16         0
                text24                             29D4     29D4       4E         0
                text23                             2C14     2C14       18         0
                text22                             2BF2     2BF2       22         0
                text21                             2754     2754       6C         0
                text20                             2A22     2A22       4C         0
                text19                             223C     223C      10C         0
                text18                             2884     2884       5E         0
                text17                             2BCC     2BCC       26         0
                text16                             2B5E     2B5E       38         0
                text15                             2934     2934       52         0
                text14                             2098     2098      1A4         0
                text13                             2AB2     2AB2       3C         0
                text12                             2B26     2B26       38         0
                text11                             2C46     2C46        2         0
                text10                             2528     2528       CA         0
                text9                              2A6E     2A6E       44         0
                text8                              2B96     2B96       36         0
                text7                              25F2     25F2       C2         0
                text6                              2AEE     2AEE       38         0
                text5                              2826     2826       5E         0
                text4                              1C10     1C10      2D4         0
                text3                              14CA     14CA      3AC         0
                text2                              27C0     27C0       66         0
                text1                              28E2     28E2       52         0
                text0                              244E     244E       DA         0
                cinit                              2986     2986       4E         0
                idataBANK0                         2C42     2C42        4         0

        CLASS   CONST          

        CLASS   SMALLCONST     
                smallconst                         1000     1000        A         0

        CLASS   MEDIUMCONST    

        CLASS   COMRAM         
                temp                                 5D       5D        1         1
                cstackCOMRAM                          1        1       5A         1
                bssCOMRAM                            5B       5B        2         1

        CLASS   ABS1           

        CLASS   BIGRAM         

        CLASS   RAM            

        CLASS   BANK0          
                cstackBANK0                          8D       8D       1A         1
                dataBANK0                            A7       A7        4         1
                bssBANK0                             60       60       2D         1

        CLASS   BANK1          
                bssBANK1                            100      100      100         1

        CLASS   BANK2          

        CLASS   BANK3          

        CLASS   BANK4          

        CLASS   BANK5          

        CLASS   BANK6          

        CLASS   BANK7          

        CLASS   BANK8          

        CLASS   BANK9          

        CLASS   BANK10         

        CLASS   BANK11         

        CLASS   BANK12         

        CLASS   BANK13         

        CLASS   BANK14         

        CLASS   BANK15         

        CLASS   SFR            

        CLASS   CONFIG         
                config                            1FFF8    1FFF8        6         4

        CLASS   FARRAM         

        CLASS   IDLOC          



SEGMENTS        Name                           Load    Length   Top    Selector   Space  Class

                reset_vec                      000000  000004  000004         0       0  CODE    
                cstackCOMRAM                   000001  00005D  00005E         1       1  COMRAM  
                intcode                        000008  000042  00004A         4       0  CODE    
                bssBANK0                       000060  00004B  0000AB        60       1  BANK0   
                bssBANK1                       000100  000100  000200       100       1  BANK1   
                smallconst                     001000  00000A  00100A       800       0  SMALLCON
                text30                         00100A  001C3E  002C48       805       0  CODE    


UNUSED ADDRESS RANGES

        Name                Unused          Largest block    Delta
        BANK0            000AB-000FF              55
        BANK10           00A00-00AFF             100
        BANK11           00B00-00BFF             100
        BANK12           00C00-00CFF             100
        BANK13           00D00-00DFF             100
        BANK14           00E00-00EFF             100
        BANK15           00F00-00F53              54
        BANK2            00200-002FF             100
        BANK3            00300-003FF             100
        BANK4            00400-004FF             100
        BANK5            00500-005FF             100
        BANK6            00600-006FF             100
        BANK7            00700-007FF             100
        BANK8            00800-008FF             100
        BANK9            00900-009FF             100
        BIGRAM           0005E-0005F               2
                         000AB-000FF              55
                         00200-00F53             D54
        CODE             00004-00007               4
                         0004A-00FFF             FB6
                         02C48-1FFF7           1D3B0
        COMRAM           0005E-0005F               2
        CONFIG           1FFFE-1FFFF               2
        CONST            00004-00007               4
                         0004A-00FFF             FB6
                         02C48-1FFF7           1D3B0
        MEDIUMCONST      02C48-0FFFF            D3B8
                         11000-1FFF7            EFF8
        RAM              000AB-000FF              55
                         00200-00F53             100
        SFR              00F54-00FFF               C
        SMALLCONST       02C48-1FFF7             100
        STACK            00200-00F53             D54

                                  Symbol Table

?___aldiv                          cstackCOMRAM  00002
?___fladd                          cstackCOMRAM  00029
?___fldiv                          cstackCOMRAM  00010
?___fltol                          cstackCOMRAM  00002
?___wmul                           cstackCOMRAM  00002
?___xxtofl                         cstackCOMRAM  00002
?_atoi                             cstackCOMRAM  00009
?_flash_read                       cstackCOMRAM  00002
?_freqCalc                         cstackCOMRAM  00010
?_isalpha                          cstackCOMRAM  00002
?_isdigit                          cstackCOMRAM  00002
?_islower                          cstackCOMRAM  00002
?_isspace                          cstackCOMRAM  00002
?_isupper                          cstackCOMRAM  00002
?_pad                              cstackCOMRAM  00012
?_sprintf                          cstackBANK0   00095
?_strlen                           cstackCOMRAM  00002
?_toupper                          cstackCOMRAM  00008
?_vfpfcnvrt                        cstackCOMRAM  00044
?_vfprintf                         cstackBANK0   0008D
?_xtoa                             cstackCOMRAM  0001D
UART_Initial@baud_rate             cstackCOMRAM  00039
UART_Initial@bps                   cstackCOMRAM  0003D
UART_Write@data                    cstackCOMRAM  00002
UART_send_string@i                 cstackCOMRAM  00006
UART_send_string@str               cstackCOMRAM  00003
_BAUDCON1bits                      (abs)         00F7E
_EECON1bits                        (abs)         00FA6
_EECON2                            (abs)         00FA7
_INTCONbits                        (abs)         00FF2
_IPR1bits                          (abs)         00F9F
_LATE                              (abs)         00F8D
_LATEbits                          (abs)         00F8D
_OSCCONbits                        (abs)         00FD3
_PIE1bits                          (abs)         00F9D
_PIR1bits                          (abs)         00F9E
_RC1IF                             (abs)         07CF5
_RCONbits                          (abs)         00FD0
_RCREG1                            (abs)         00FAE
_RCSTA1                            (abs)         00FAB
_SPBRG1                            (abs)         00FAF
_T1CON                             (abs)         00FCD
_T1CONbits                         (abs)         00FCD
_TABLAT                            (abs)         00FF5
_TBLPTR                            (abs)         00FF6
_TMR1                              (abs)         00FCE
_TMR1IF                            (abs)         07CF0
_TRISCbits                         (abs)         00F94
_TRISE                             (abs)         00F96
_TRMT                              (abs)         07D61
_TXREG1                            (abs)         00FAD
_TXSTA1bits                        (abs)         00FAC
_UART_Initial                      text26        026B4
_UART_Write                        text25        02C2C
_UART_send_string                  text24        029D4
__HRAM                             (abs)         00000
__Habs1                            abs1          00000
__Hbank0                           bank0         00000
__Hbank1                           bank1         00000
__Hbank10                          bank10        00000
__Hbank11                          bank11        00000
__Hbank12                          bank12        00000
__Hbank13                          bank13        00000
__Hbank14                          bank14        00000
__Hbank15                          bank15        00000
__Hbank2                           bank2         00000
__Hbank3                           bank3         00000
__Hbank4                           bank4         00000
__Hbank5                           bank5         00000
__Hbank6                           bank6         00000
__Hbank7                           bank7         00000
__Hbank8                           bank8         00000
__Hbank9                           bank9         00000
__Hbigbss                          bigbss        00000
__Hbigdata                         bigdata       00000
__Hbigram                          bigram        00000
__Hbss                             bss           00000
__HbssBANK0                        bssBANK0      00000
__HbssBANK1                        bssBANK1      00000
__HbssCOMRAM                       bssCOMRAM     00000
__Hcinit                           cinit         00000
__Hclrtext                         clrtext       00000
__Hcomram                          comram        00000
__Hconfig                          config        1FFFE
__Hconst                           const         00000
__HcstackBANK0                     cstackBANK0   00000
__HcstackCOMRAM                    cstackCOMRAM  00000
__Hdata                            data          00000
__HdataBANK0                       dataBANK0     00000
__Hfarbss                          farbss        00000
__Hfardata                         fardata       00000
__Hibigdata                        ibigdata      00000
__Hidata                           idata         00000
__HidataBANK0                      idataBANK0    00000
__Hidloc                           idloc         00000
__Hifardata                        ifardata      00000
__Hinit                            init          0004A
__Hintcode                         intcode       00046
__Hintcode_body                    intcode_body  00000
__Hintcodelo                       intcodelo     00046
__Hintentry                        intentry      00000
__Hintret                          intret        00000
__Hintsave_regs                    intsave_regs  00000
__Hirdata                          irdata        00000
__Hjflash_buffer                   jflash_buffer 1F800
__Hmediumconst                     mediumconst   00000
__HnvFARRAM                        nvFARRAM      00000
__Hnvbit                           nvbit         00000
__Hnvrram                          nvrram        00000
__Hparam                           rparam        00000
__Hpowerup                         powerup       00046
__Hram                             ram           00000
__Hramtop                          ramtop        01000
__Hrbit                            rbit          00000
__Hrbss                            rbss          00000
__Hrdata                           rdata         00000
__Hreset_vec                       reset_vec     00004
__Hrparam                          rparam        00000
__Hsfr                             sfr           00000
__Hsmallconst                      smallconst    0100A
__Hspace_0                         (abs)         1F800
__Hspace_1                         (abs)         00200
__Hspace_2                         (abs)         00000
__Hspace_4                         (abs)         3FFF6
__Hstack                           stack         00000
__Hstruct                          struct        00000
__Htemp                            temp          0005E
__Htext                            text          00000
__Htext0                           text0         00000
__Htext1                           text1         00000
__Htext10                          text10        00000
__Htext11                          text11        00000
__Htext12                          text12        00000
__Htext13                          text13        00000
__Htext14                          text14        00000
__Htext15                          text15        00000
__Htext16                          text16        00000
__Htext17                          text17        00000
__Htext18                          text18        00000
__Htext19                          text19        00000
__Htext2                           text2         00000
__Htext20                          text20        00000
__Htext21                          text21        00000
__Htext22                          text22        00000
__Htext23                          text23        00000
__Htext24                          text24        00000
__Htext25                          text25        00000
__Htext26                          text26        00000
__Htext27                          text27        00000
__Htext28                          text28        00000
__Htext29                          text29        00000
__Htext3                           text3         00000
__Htext30                          text30        00000
__Htext4                           text4         00000
__Htext5                           text5         00000
__Htext6                           text6         00000
__Htext7                           text7         00000
__Htext8                           text8         00000
__Htext9                           text9         00000
__LRAM                             (abs)         00001
__Labs1                            abs1          00000
__Lbank0                           bank0         00000
__Lbank1                           bank1         00000
__Lbank10                          bank10        00000
__Lbank11                          bank11        00000
__Lbank12                          bank12        00000
__Lbank13                          bank13        00000
__Lbank14                          bank14        00000
__Lbank15                          bank15        00000
__Lbank2                           bank2         00000
__Lbank3                           bank3         00000
__Lbank4                           bank4         00000
__Lbank5                           bank5         00000
__Lbank6                           bank6         00000
__Lbank7                           bank7         00000
__Lbank8                           bank8         00000
__Lbank9                           bank9         00000
__Lbigbss                          bigbss        00000
__Lbigdata                         bigdata       00000
__Lbigram                          bigram        00000
__Lbss                             bss           00000
__LbssBANK0                        bssBANK0      00000
__LbssBANK1                        bssBANK1      00000
__LbssCOMRAM                       bssCOMRAM     00000
__Lcinit                           cinit         00000
__Lclrtext                         clrtext       00000
__Lcomram                          comram        00000
__Lconfig                          config        00000
__Lconst                           const         00000
__LcstackBANK0                     cstackBANK0   00000
__LcstackCOMRAM                    cstackCOMRAM  00000
__Ldata                            data          00000
__LdataBANK0                       dataBANK0     00000
__Lfarbss                          farbss        00000
__Lfardata                         fardata       00000
__Libigdata                        ibigdata      00000
__Lidata                           idata         00000
__LidataBANK0                      idataBANK0    00000
__Lidloc                           idloc         00000
__Lifardata                        ifardata      00000
__Linit                            init          00046
__Lintcode                         intcode       00008
__Lintcode_body                    intcode_body  00000
__Lintcodelo                       intcodelo     00046
__Lintentry                        intentry      00000
__Lintret                          intret        00000
__Lintsave_regs                    intsave_regs  00000
__Lirdata                          irdata        00000
__Ljflash_buffer                   jflash_buffer 1F800
__Lmediumconst                     mediumconst   00000
__LnvFARRAM                        nvFARRAM      00000
__Lnvbit                           nvbit         00000
__Lnvrram                          nvrram        00000
__Lparam                           rparam        00000
__Lpowerup                         powerup       00046
__Lram                             ram           00000
__Lramtop                          ramtop        01000
__Lrbit                            rbit          00000
__Lrbss                            rbss          00000
__Lrdata                           rdata         00000
__Lreset_vec                       reset_vec     00000
__Lrparam                          rparam        00000
__Lsfr                             sfr           00000
__Lsmallconst                      smallconst    01000
__Lspace_0                         (abs)         00000
__Lspace_1                         (abs)         00000
__Lspace_2                         (abs)         00000
__Lspace_4                         (abs)         00000
__Lstack                           stack         00000
__Lstruct                          struct        00000
__Ltemp                            temp          0005D
__Ltext                            text          00000
__Ltext0                           text0         00000
__Ltext1                           text1         00000
__Ltext10                          text10        00000
__Ltext11                          text11        00000
__Ltext12                          text12        00000
__Ltext13                          text13        00000
__Ltext14                          text14        00000
__Ltext15                          text15        00000
__Ltext16                          text16        00000
__Ltext17                          text17        00000
__Ltext18                          text18        00000
__Ltext19                          text19        00000
__Ltext2                           text2         00000
__Ltext20                          text20        00000
__Ltext21                          text21        00000
__Ltext22                          text22        00000
__Ltext23                          text23        00000
__Ltext24                          text24        00000
__Ltext25                          text25        00000
__Ltext26                          text26        00000
__Ltext27                          text27        00000
__Ltext28                          text28        00000
__Ltext29                          text29        00000
__Ltext3                           text3         00000
__Ltext30                          text30        00000
__Ltext4                           text4         00000
__Ltext5                           text5         00000
__Ltext6                           text6         00000
__Ltext7                           text7         00000
__Ltext8                           text8         00000
__Ltext9                           text9         00000
__S0                               (abs)         02C48
__S1                               (abs)         00200
__S2                               (abs)         00000
__S4                               (abs)         00000
___aldiv                           text19        0223C
___aldiv@counter                   cstackCOMRAM  0000A
___aldiv@dividend                  cstackCOMRAM  00002
___aldiv@divisor                   cstackCOMRAM  00006
___aldiv@quotient                  cstackCOMRAM  0000C
___aldiv@sign                      cstackCOMRAM  0000B
___extmem_base                     (abs)         20000
___fladd                           text30        0100A
___fladd@a                         cstackCOMRAM  0002D
___fladd@aexp                      cstackCOMRAM  00036
___fladd@b                         cstackCOMRAM  00029
___fladd@bexp                      cstackCOMRAM  00037
___fladd@grs                       cstackCOMRAM  00038
___fladd@signs                     cstackCOMRAM  00035
___fldiv                           text29        01876
___fldiv@a                         cstackCOMRAM  00014
___fldiv@aexp                      cstackCOMRAM  00028
___fldiv@b                         cstackCOMRAM  00010
___fldiv@bexp                      cstackCOMRAM  00027
___fldiv@grs                       cstackCOMRAM  00023
___fldiv@new_exp                   cstackCOMRAM  00021
___fldiv@rem                       cstackCOMRAM  0001C
___fldiv@sign                      cstackCOMRAM  00020
___fltol                           text28        02348
___fltol@exp1                      cstackCOMRAM  0000B
___fltol@f1                        cstackCOMRAM  00002
___fltol@sign1                     cstackCOMRAM  0000A
___inthi_sp                        stack         00000
___intlo_sp                        stack         00000
___param_bank                      (abs)         00000
___rparam_used                     (abs)         00001
___sp                              stack         00000
___wmul                            text17        02BCC
___wmul@multiplicand               cstackCOMRAM  00004
___wmul@multiplier                 cstackCOMRAM  00002
___wmul@product                    cstackCOMRAM  00006
___xxtofl                          text27        01EE4
___xxtofl@arg                      cstackCOMRAM  0000C
___xxtofl@exp                      cstackCOMRAM  0000B
___xxtofl@sign                     cstackCOMRAM  0000A
___xxtofl@val                      cstackCOMRAM  00002
__accesstop                        (abs)         00060
__activetblptr                     (abs)         00003
__end_of_UART_Initial              text26        02754
__end_of_UART_Write                text25        02C42
__end_of_UART_send_string          text24        02A22
__end_of___aldiv                   text19        02348
__end_of___fladd                   text30        014CA
__end_of___fldiv                   text29        01C10
__end_of___fltol                   text28        0244E
__end_of___wmul                    text17        02BF2
__end_of___xxtofl                  text27        02098
__end_of__initialization           cinit         029CA
__end_of_atoi                      text14        0223C
__end_of_flash_block_commit        text23        02C2C
__end_of_flash_block_delete        text22        02C14
__end_of_flash_block_write         text21        027C0
__end_of_flash_read                text20        02A6E
__end_of_fputc                     text10        025F2
__end_of_fputs                     text9         02AB2
__end_of_freqCalc                  text18        028E2
__end_of_high_isr                  intcode       00046
__end_of_isalpha                   text13        02AEE
__end_of_isdigit                   text16        02B96
__end_of_islower                   text6         02B26
__end_of_isspace                   text15        02986
__end_of_isupper                   text12        02B5E
__end_of_main                      text0         02528
__end_of_pad                       text7         026B4
__end_of_putch                     text11        02C48
__end_of_sprintf                   text1         02934
__end_of_strlen                    text8         02BCC
__end_of_toupper                   text5         02884
__end_of_vfpfcnvrt                 text3         01876
__end_of_vfprintf                  text2         02826
__end_of_xtoa                      text4         01EE4
__initialization                   cinit         02986
__mediumconst                      mediumconst   00000
__pbssBANK0                        bssBANK0      00060
__pbssBANK1                        bssBANK1      00100
__pbssCOMRAM                       bssCOMRAM     0005B
__pcinit                           cinit         02986
__pcstackBANK0                     cstackBANK0   0008D
__pcstackCOMRAM                    cstackCOMRAM  00001
__pdataBANK0                       dataBANK0     000A7
__pidataBANK0                      idataBANK0    02C42
__pintcode                         intcode       00008
__psmallconst                      smallconst    01000
__ptext0                           text0         0244E
__ptext1                           text1         028E2
__ptext10                          text10        02528
__ptext11                          text11        02C46
__ptext12                          text12        02B26
__ptext13                          text13        02AB2
__ptext14                          text14        02098
__ptext15                          text15        02934
__ptext16                          text16        02B5E
__ptext17                          text17        02BCC
__ptext18                          text18        02884
__ptext19                          text19        0223C
__ptext2                           text2         027C0
__ptext20                          text20        02A22
__ptext21                          text21        02754
__ptext22                          text22        02BF2
__ptext23                          text23        02C14
__ptext24                          text24        029D4
__ptext25                          text25        02C2C
__ptext26                          text26        026B4
__ptext27                          text27        01EE4
__ptext28                          text28        02348
__ptext29                          text29        01876
__ptext3                           text3         014CA
__ptext30                          text30        0100A
__ptext4                           text4         01C10
__ptext5                           text5         02826
__ptext6                           text6         02AEE
__ptext7                           text7         025F2
__ptext8                           text8         02B96
__ptext9                           text9         02A6E
__ramtop                           ramtop        01000
__size_of_UART_Initial             (abs)         00000
__size_of_UART_Write               (abs)         00000
__size_of_UART_send_string         (abs)         00000
__size_of___aldiv                  (abs)         00000
__size_of___fladd                  (abs)         00000
__size_of___fldiv                  (abs)         00000
__size_of___fltol                  (abs)         00000
__size_of___wmul                   (abs)         00000
__size_of___xxtofl                 (abs)         00000
__size_of_atoi                     (abs)         00000
__size_of_flash_block_commit       (abs)         00000
__size_of_flash_block_delete       (abs)         00000
__size_of_flash_block_write        (abs)         00000
__size_of_flash_read               (abs)         00000
__size_of_fputc                    (abs)         00000
__size_of_fputs                    (abs)         00000
__size_of_freqCalc                 (abs)         00000
__size_of_high_isr                 (abs)         00000
__size_of_isalpha                  (abs)         00000
__size_of_isdigit                  (abs)         00000
__size_of_islower                  (abs)         00000
__size_of_isspace                  (abs)         00000
__size_of_isupper                  (abs)         00000
__size_of_main                     (abs)         00000
__size_of_pad                      (abs)         00000
__size_of_putch                    (abs)         00000
__size_of_sprintf                  (abs)         00000
__size_of_strlen                   (abs)         00000
__size_of_toupper                  (abs)         00000
__size_of_vfpfcnvrt                (abs)         00000
__size_of_vfprintf                 (abs)         00000
__size_of_xtoa                     (abs)         00000
__smallconst                       smallconst    01000
_a                                 bssBANK0      0006C
_atoi                              text14        02098
_atoi$1290                         cstackCOMRAM  00011
_atoi$1291                         cstackCOMRAM  00015
_atoi$1292                         cstackCOMRAM  00013
_count                             bssBANK0      0006A
_dbuf                              bssBANK0      0006D
_flags                             bssCOMRAM     0005B
_flash_block_commit                text23        02C14
_flash_block_delete                text22        02BF2
_flash_block_write                 text21        02754
_flash_read                        text20        02A22
_fputc                             text10        02528
_fputs                             text9         02A6E
_freq                              dataBANK0     000A7
_freqCalc                          text18        02884
_hex                               bssBANK0      00068
_high_isr                          intcode       00008
_isalpha                           text13        02AB2
_isdigit                           text16        02B5E
_islower                           text6         02AEE
_isspace                           text15        02934
_isspace$1317                      cstackCOMRAM  00008
_isupper                           text12        02B26
_main                              text0         0244E
_nout                              bssBANK0      00060
_pad                               text7         025F2
_prec                              bssBANK0      00064
_print_buffer                      bssBANK1      00100
_putch                             text11        02C46
_sprintf                           text1         028E2
_strlen                            text8         02B96
_t                                 dataBANK0     000A9
_toupper                           text5         02826
_toupper$1372                      cstackCOMRAM  0000E
_vfpfcnvrt                         text3         014CA
_vfpfcnvrt$1272                    cstackCOMRAM  00059
_vfprintf                          text2         027C0
_width                             bssBANK0      00062
_xtoa                              text4         01C10
_xtoa$1256                         cstackCOMRAM  00030
_xtoa$1257                         cstackCOMRAM  00032
atoi@n                             cstackCOMRAM  00016
atoi@neg                           cstackCOMRAM  0000F
atoi@s                             cstackCOMRAM  00009
btemp                              temp          0005D
end_of_initialization              cinit         029CA
flash_block_delete@addr            cstackCOMRAM  00002
flash_block_write@addr             cstackCOMRAM  00004
flash_block_write@flash_data_buff  cstackCOMRAM  00006
flash_block_write@flash_ptr        cstackCOMRAM  0000B
flash_block_write@flash_store_buff cstackCOMRAM  00009
flash_read@flash_addr              cstackCOMRAM  00002
flash_read@flash_h                 cstackCOMRAM  00006
flash_read@flash_l                 cstackCOMRAM  00008
fputc@c                            cstackCOMRAM  00002
fputc@fp                           cstackCOMRAM  00004
fputs@c                            cstackCOMRAM  0000F
fputs@fp                           cstackCOMRAM  0000D
fputs@i                            cstackCOMRAM  00010
fputs@s                            cstackCOMRAM  0000B
freqCalc@cal                       cstackCOMRAM  00018
freqCalc@f                         cstackCOMRAM  00010
freqCalc@t                         cstackCOMRAM  00016
freqCalc@temp                      cstackCOMRAM  00014
int$flags                          temp          0005D
intlevel0                          text          00000
intlevel1                          text          00000
intlevel2                          text          00000
intlevel3                          text          00000
isalpha@c                          cstackCOMRAM  00002
isdigit@c                          cstackCOMRAM  00002
islower@c                          cstackCOMRAM  00002
isspace@c                          cstackCOMRAM  00002
isupper@c                          cstackCOMRAM  00002
main@readed                        cstackBANK0   000A5
pad@buf                            cstackCOMRAM  00014
pad@fp                             cstackCOMRAM  00012
pad@i                              cstackCOMRAM  00019
pad@p                              cstackCOMRAM  00016
pad@w                              cstackCOMRAM  0001B
sprintf@ap                         cstackBANK0   0009D
sprintf@f                          cstackBANK0   0009F
sprintf@fmt                        cstackBANK0   00097
sprintf@s                          cstackBANK0   00095
stackhi                            (abs)         00F53
stacklo                            (abs)         00200
start                              init          00046
start_initialization               cinit         02986
strlen@a                           cstackCOMRAM  00004
strlen@s                           cstackCOMRAM  00002
toupper@c                          cstackCOMRAM  00008
ttemp5                             temp          0005E
ttemp6                             temp          00061
ttemp7                             temp          00065
vfpfcnvrt@ap                       cstackCOMRAM  00048
vfpfcnvrt@c                        cstackCOMRAM  00056
vfpfcnvrt@done                     cstackCOMRAM  00057
vfpfcnvrt@fmt                      cstackCOMRAM  00046
vfpfcnvrt@fp                       cstackCOMRAM  00044
vfpfcnvrt@llu                      cstackCOMRAM  0004E
vfprintf@ap                        cstackBANK0   00091
vfprintf@cfmt                      cstackBANK0   00093
vfprintf@fmt                       cstackBANK0   0008F
vfprintf@fp                        cstackBANK0   0008D
wtemp8                             temp          0005E
xtoa@c                             cstackCOMRAM  00042
xtoa@d                             cstackCOMRAM  0001F
xtoa@fp                            cstackCOMRAM  0001D
xtoa@i                             cstackCOMRAM  00040
xtoa@n                             cstackCOMRAM  00038
xtoa@p                             cstackCOMRAM  00034
xtoa@w                             cstackCOMRAM  00036
xtoa@x                             cstackCOMRAM  00027


FUNCTION INFORMATION:

 *************** function _main *****************
 Defined at:
		line 156 in file "main.c"
 Parameters:    Size  Location     Type
		None
 Auto vars:     Size  Location     Type
  readed          2   24[BANK0 ] int 
 Return value:  Size  Location     Type
                  1    wreg      void 
 Registers used:
		wreg, fsr1l, fsr1h, fsr2l, fsr2h, status,2, status,0, tblptrl, tblptrh, tblptru, prodl, prodh, cstack
 Tracked objects:
		On entry : 
		On exit  : 
		Unchanged: 
 Data sizes:     COMRAM   BANK0   BANK1   BANK2   BANK3   BANK4   BANK5   BANK6   BANK7   BANK8   BANK9  BANK10  BANK11  BANK12  BANK13  BANK14  BANK15
      Params:         0       0       0       0       0       0       0       0       0       0       0       0       0       0       0       0       0
      Locals:         0       2       0       0       0       0       0       0       0       0       0       0       0       0       0       0       0
      Temps:          0       0       0       0       0       0       0       0       0       0       0       0       0       0       0       0       0
      Totals:         0       2       0       0       0       0       0       0       0       0       0       0       0       0       0       0       0
Total ram usage:        2 bytes
 Hardware stack levels required when called:    9
 This function calls:
		_UART_Initial
		_UART_send_string
		_flash_block_write
		_flash_read
		_freqCalc
		_sprintf
 This function is called by:
		Startup code after reset
 This function uses a non-reentrant model


 *************** function _sprintf *****************
 Defined at:
		line 9 in file "C:\Program Files\Microchip\xc8\v2.20\pic\sources\c99\common\nf_sprintf.c"
 Parameters:    Size  Location     Type
  s               2    8[BANK0 ] PTR unsigned char 
		 -> print_buffer(256), 
  fmt             2   10[BANK0 ] PTR const unsigned char 
		 -> STR_1(7), 
 Auto vars:     Size  Location     Type
  f               6   18[BANK0 ] struct _IO_FILE
  ap              2   16[BANK0 ] PTR void [1]
		 -> ?_sprintf(2), 
  ret             2    0        int 
 Return value:  Size  Location     Type
                  2    8[BANK0 ] int 
 Registers used:
		wreg, fsr1l, fsr1h, fsr2l, fsr2h, status,2, status,0, tblptrl, tblptrh, tblptru, prodl, prodh, cstack
 Tracked objects:
		On entry : 
		On exit  : 
		Unchanged: 
 Data sizes:     COMRAM   BANK0   BANK1   BANK2   BANK3   BANK4   BANK5   BANK6   BANK7   BANK8   BANK9  BANK10  BANK11  BANK12  BANK13  BANK14  BANK15
      Params:         0       6       0       0       0       0       0       0       0       0       0       0       0       0       0       0       0
      Locals:         0      10       0       0       0       0       0       0       0       0       0       0       0       0       0       0       0
      Temps:          0       0       0       0       0       0       0       0       0       0       0       0       0       0       0       0       0
      Totals:         0      16       0       0       0       0       0       0       0       0       0       0       0       0       0       0       0
Total ram usage:       16 bytes
 Hardware stack levels used:    1
 Hardware stack levels required when called:    8
 This function calls:
		_vfprintf
 This function is called by:
		_main
 This function uses a non-reentrant model


 *************** function _vfprintf *****************
 Defined at:
		line 1368 in file "C:\Program Files\Microchip\xc8\v2.20\pic\sources\c99\common\doprnt.c"
 Parameters:    Size  Location     Type
  fp              2    0[BANK0 ] PTR struct _IO_FILE
		 -> sprintf@f(6), 
  fmt             2    2[BANK0 ] PTR const unsigned char 
		 -> STR_1(7), 
  ap              2    4[BANK0 ] PTR PTR void 
		 -> sprintf@ap(2), 
 Auto vars:     Size  Location     Type
  cfmt            2    6[BANK0 ] PTR unsigned char 
		 -> STR_1(7), 
 Return value:  Size  Location     Type
                  2    0[BANK0 ] int 
 Registers used:
		wreg, fsr1l, fsr1h, fsr2l, fsr2h, status,2, status,0, tblptrl, tblptrh, tblptru, prodl, prodh, cstack
 Tracked objects:
		On entry : 
		On exit  : 
		Unchanged: 
 Data sizes:     COMRAM   BANK0   BANK1   BANK2   BANK3   BANK4   BANK5   BANK6   BANK7   BANK8   BANK9  BANK10  BANK11  BANK12  BANK13  BANK14  BANK15
      Params:         0       6       0       0       0       0       0       0       0       0       0       0       0       0       0       0       0
      Locals:         0       2       0       0       0       0       0       0       0       0       0       0       0       0       0       0       0
      Temps:          0       0       0       0       0       0       0       0       0       0       0       0       0       0       0       0       0
      Totals:         0       8       0       0       0       0       0       0       0       0       0       0       0       0       0       0       0
Total ram usage:        8 bytes
 Hardware stack levels used:    1
 Hardware stack levels required when called:    7
 This function calls:
		_vfpfcnvrt
 This function is called by:
		_sprintf
 This function uses a non-reentrant model


 *************** function _vfpfcnvrt *****************
 Defined at:
		line 670 in file "C:\Program Files\Microchip\xc8\v2.20\pic\sources\c99\common\doprnt.c"
 Parameters:    Size  Location     Type
  fp              2   67[COMRAM] PTR struct _IO_FILE
		 -> sprintf@f(6), 
  fmt             2   69[COMRAM] PTR PTR unsigned char 
		 -> vfprintf@cfmt(2), 
  ap              2   71[COMRAM] PTR PTR void 
		 -> sprintf@ap(2), 
 Auto vars:     Size  Location     Type
  llu             8   77[COMRAM] unsigned long long 
  ll              8    0        long long 
  f               4    0        long long 
  vp              3    0        PTR void 
  ct              3    0        unsigned char [3]
  cp              3    0        PTR unsigned char 
  done            2   86[COMRAM] int 
  i               2    0        int 
  c               1   85[COMRAM] unsigned char 
 Return value:  Size  Location     Type
                  2   67[COMRAM] int 
 Registers used:
		wreg, fsr1l, fsr1h, fsr2l, fsr2h, status,2, status,0, tblptrl, tblptrh, tblptru, prodl, prodh, cstack
 Tracked objects:
		On entry : 
		On exit  : 
		Unchanged: 
 Data sizes:     COMRAM   BANK0   BANK1   BANK2   BANK3   BANK4   BANK5   BANK6   BANK7   BANK8   BANK9  BANK10  BANK11  BANK12  BANK13  BANK14  BANK15
      Params:         6       0       0       0       0       0       0       0       0       0       0       0       0       0       0       0       0
      Locals:        13       0       0       0       0       0       0       0       0       0       0       0       0       0       0       0       0
      Temps:          4       0       0       0       0       0       0       0       0       0       0       0       0       0       0       0       0
      Totals:        23       0       0       0       0       0       0       0       0       0       0       0       0       0       0       0       0
Total ram usage:       23 bytes
 Hardware stack levels used:    1
 Hardware stack levels required when called:    6
 This function calls:
		_atoi
		_fputc
		_isdigit
		_xtoa
 This function is called by:
		_vfprintf
 This function uses a non-reentrant model


 *************** function _xtoa *****************
 Defined at:
		line 623 in file "C:\Program Files\Microchip\xc8\v2.20\pic\sources\c99\common\doprnt.c"
 Parameters:    Size  Location     Type
  fp              2   28[COMRAM] PTR struct _IO_FILE
		 -> sprintf@f(6), 
  d               8   30[COMRAM] unsigned long long 
  x               1   38[COMRAM] unsigned char 
 Auto vars:     Size  Location     Type
  n               8   55[COMRAM] unsigned long long 
  c               2   65[COMRAM] int 
  i               2   63[COMRAM] int 
  w               2   53[COMRAM] int 
  p               2   51[COMRAM] int 
 Return value:  Size  Location     Type
                  2   28[COMRAM] int 
 Registers used:
		wreg, fsr1l, fsr1h, fsr2l, fsr2h, status,2, status,0, cstack
 Tracked objects:
		On entry : 
		On exit  : 
		Unchanged: 
 Data sizes:     COMRAM   BANK0   BANK1   BANK2   BANK3   BANK4   BANK5   BANK6   BANK7   BANK8   BANK9  BANK10  BANK11  BANK12  BANK13  BANK14  BANK15
      Params:        11       0       0       0       0       0       0       0       0       0       0       0       0       0       0       0       0
      Locals:        20       0       0       0       0       0       0       0       0       0       0       0       0       0       0       0       0
      Temps:          8       0       0       0       0       0       0       0       0       0       0       0       0       0       0       0       0
      Totals:        39       0       0       0       0       0       0       0       0       0       0       0       0       0       0       0       0
Total ram usage:       39 bytes
 Hardware stack levels used:    1
 Hardware stack levels required when called:    5
 This function calls:
		_isalpha
		_isupper
		_pad
		_toupper
 This function is called by:
		_vfpfcnvrt
 This function uses a non-reentrant model


 *************** function _toupper *****************
 Defined at:
		line 4 in file "C:\Program Files\Microchip\xc8\v2.20\pic\sources\c99\common\toupper.c"
 Parameters:    Size  Location     Type
  c               2    7[COMRAM] int 
 Auto vars:     Size  Location     Type
		None
 Return value:  Size  Location     Type
                  2    7[COMRAM] int 
 Registers used:
		wreg, status,2, status,0
 Tracked objects:
		On entry : 
		On exit  : 
		Unchanged: 
 Data sizes:     COMRAM   BANK0   BANK1   BANK2   BANK3   BANK4   BANK5   BANK6   BANK7   BANK8   BANK9  BANK10  BANK11  BANK12  BANK13  BANK14  BANK15
      Params:         2       0       0       0       0       0       0       0       0       0       0       0       0       0       0       0       0
      Locals:         2       0       0       0       0       0       0       0       0       0       0       0       0       0       0       0       0
      Temps:          4       0       0       0       0       0       0       0       0       0       0       0       0       0       0       0       0
      Totals:         8       0       0       0       0       0       0       0       0       0       0       0       0       0       0       0       0
Total ram usage:        8 bytes
 Hardware stack levels used:    1
 Hardware stack levels required when called:    2
 This function calls:
		_islower
 This function is called by:
		_xtoa
 This function uses a non-reentrant model


 *************** function _islower *****************
 Defined at:
		line 5 in file "C:\Program Files\Microchip\xc8\v2.20\pic\sources\c99\common\islower.c"
 Parameters:    Size  Location     Type
  c               2    1[COMRAM] int 
 Auto vars:     Size  Location     Type
		None
 Return value:  Size  Location     Type
                  2    1[COMRAM] int 
 Registers used:
		wreg, status,2, status,0
 Tracked objects:
		On entry : 
		On exit  : 
		Unchanged: 
 Data sizes:     COMRAM   BANK0   BANK1   BANK2   BANK3   BANK4   BANK5   BANK6   BANK7   BANK8   BANK9  BANK10  BANK11  BANK12  BANK13  BANK14  BANK15
      Params:         2       0       0       0       0       0       0       0       0       0       0       0       0       0       0       0       0
      Locals:         0       0       0       0       0       0       0       0       0       0       0       0       0       0       0       0       0
      Temps:          4       0       0       0       0       0       0       0       0       0       0       0       0       0       0       0       0
      Totals:         6       0       0       0       0       0       0       0       0       0       0       0       0       0       0       0       0
Total ram usage:        6 bytes
 Hardware stack levels used:    1
 Hardware stack levels required when called:    1
 This function calls:
		Nothing
 This function is called by:
		_toupper
 This function uses a non-reentrant model


 *************** function _pad *****************
 Defined at:
		line 72 in file "C:\Program Files\Microchip\xc8\v2.20\pic\sources\c99\common\doprnt.c"
 Parameters:    Size  Location     Type
  fp              2   17[COMRAM] PTR struct _IO_FILE
		 -> sprintf@f(6), 
  buf             2   19[COMRAM] PTR unsigned char 
		 -> dbuf(32), 
  p               2   21[COMRAM] int 
 Auto vars:     Size  Location     Type
  w               2   26[COMRAM] int 
  i               2   24[COMRAM] int 
 Return value:  Size  Location     Type
                  2   17[COMRAM] int 
 Registers used:
		wreg, fsr1l, fsr1h, fsr2l, fsr2h, status,2, status,0, cstack
 Tracked objects:
		On entry : 
		On exit  : 
		Unchanged: 
 Data sizes:     COMRAM   BANK0   BANK1   BANK2   BANK3   BANK4   BANK5   BANK6   BANK7   BANK8   BANK9  BANK10  BANK11  BANK12  BANK13  BANK14  BANK15
      Params:         6       0       0       0       0       0       0       0       0       0       0       0       0       0       0       0       0
      Locals:         4       0       0       0       0       0       0       0       0       0       0       0       0       0       0       0       0
      Temps:          1       0       0       0       0       0       0       0       0       0       0       0       0       0       0       0       0
      Totals:        11       0       0       0       0       0       0       0       0       0       0       0       0       0       0       0       0
Total ram usage:       11 bytes
 Hardware stack levels used:    1
 Hardware stack levels required when called:    4
 This function calls:
		_fputc
		_fputs
		_strlen
 This function is called by:
		_xtoa
 This function uses a non-reentrant model


 *************** function _strlen *****************
 Defined at:
		line 5 in file "C:\Program Files\Microchip\xc8\v2.20\pic\sources\c99\common\strlen.c"
 Parameters:    Size  Location     Type
  s               2    1[COMRAM] PTR const unsigned char 
		 -> dbuf(32), 
 Auto vars:     Size  Location     Type
  a               2    3[COMRAM] PTR const unsigned char 
		 -> dbuf(32), 
 Return value:  Size  Location     Type
                  2    1[COMRAM] unsigned int 
 Registers used:
		wreg, fsr2l, fsr2h, status,2, status,0
 Tracked objects:
		On entry : 
		On exit  : 
		Unchanged: 
 Data sizes:     COMRAM   BANK0   BANK1   BANK2   BANK3   BANK4   BANK5   BANK6   BANK7   BANK8   BANK9  BANK10  BANK11  BANK12  BANK13  BANK14  BANK15
      Params:         2       0       0       0       0       0       0       0       0       0       0       0       0       0       0       0       0
      Locals:         2       0       0       0       0       0       0       0       0       0       0       0       0       0       0       0       0
      Temps:          0       0       0       0       0       0       0       0       0       0       0       0       0       0       0       0       0
      Totals:         4       0       0       0       0       0       0       0       0       0       0       0       0       0       0       0       0
Total ram usage:        4 bytes
 Hardware stack levels used:    1
 Hardware stack levels required when called:    1
 This function calls:
		Nothing
 This function is called by:
		_pad
 This function uses a non-reentrant model


 *************** function _fputs *****************
 Defined at:
		line 8 in file "C:\Program Files\Microchip\xc8\v2.20\pic\sources\c99\common\nf_fputs.c"
 Parameters:    Size  Location     Type
  s               2   10[COMRAM] PTR const unsigned char 
		 -> dbuf(32), 
  fp              2   12[COMRAM] PTR struct _IO_FILE
		 -> sprintf@f(6), 
 Auto vars:     Size  Location     Type
  i               2   15[COMRAM] int 
  c               1   14[COMRAM] unsigned char 
 Return value:  Size  Location     Type
                  2   10[COMRAM] int 
 Registers used:
		wreg, fsr1l, fsr1h, fsr2l, fsr2h, status,2, status,0, cstack
 Tracked objects:
		On entry : 
		On exit  : 
		Unchanged: 
 Data sizes:     COMRAM   BANK0   BANK1   BANK2   BANK3   BANK4   BANK5   BANK6   BANK7   BANK8   BANK9  BANK10  BANK11  BANK12  BANK13  BANK14  BANK15
      Params:         4       0       0       0       0       0       0       0       0       0       0       0       0       0       0       0       0
      Locals:         3       0       0       0       0       0       0       0       0       0       0       0       0       0       0       0       0
      Temps:          0       0       0       0       0       0       0       0       0       0       0       0       0       0       0       0       0
      Totals:         7       0       0       0       0       0       0       0       0       0       0       0       0       0       0       0       0
Total ram usage:        7 bytes
 Hardware stack levels used:    1
 Hardware stack levels required when called:    3
 This function calls:
		_fputc
 This function is called by:
		_pad
 This function uses a non-reentrant model


 *************** function _fputc *****************
 Defined at:
		line 8 in file "C:\Program Files\Microchip\xc8\v2.20\pic\sources\c99\common\nf_fputc.c"
 Parameters:    Size  Location     Type
  c               2    1[COMRAM] int 
  fp              2    3[COMRAM] PTR struct _IO_FILE
		 -> sprintf@f(6), 
 Auto vars:     Size  Location     Type
		None
 Return value:  Size  Location     Type
                  2    1[COMRAM] int 
 Registers used:
		wreg, fsr1l, fsr1h, fsr2l, fsr2h, status,2, status,0, cstack
 Tracked objects:
		On entry : 
		On exit  : 
		Unchanged: 
 Data sizes:     COMRAM   BANK0   BANK1   BANK2   BANK3   BANK4   BANK5   BANK6   BANK7   BANK8   BANK9  BANK10  BANK11  BANK12  BANK13  BANK14  BANK15
      Params:         4       0       0       0       0       0       0       0       0       0       0       0       0       0       0       0       0
      Locals:         0       0       0       0       0       0       0       0       0       0       0       0       0       0       0       0       0
      Temps:          5       0       0       0       0       0       0       0       0       0       0       0       0       0       0       0       0
      Totals:         9       0       0       0       0       0       0       0       0       0       0       0       0       0       0       0       0
Total ram usage:        9 bytes
 Hardware stack levels used:    1
 Hardware stack levels required when called:    2
 This function calls:
		_putch
 This function is called by:
		_pad
		_vfpfcnvrt
		_fputs
 This function uses a non-reentrant model


 *************** function _putch *****************
 Defined at:
		line 7 in file "C:\Program Files\Microchip\xc8\v2.20\pic\sources\c99\common\putch.c"
 Parameters:    Size  Location     Type
  c               1    wreg     unsigned char 
 Auto vars:     Size  Location     Type
  c               1    0[COMRAM] unsigned char 
 Return value:  Size  Location     Type
                  1    wreg      void 
 Registers used:
		wreg
 Tracked objects:
		On entry : 
		On exit  : 
		Unchanged: 
 Data sizes:     COMRAM   BANK0   BANK1   BANK2   BANK3   BANK4   BANK5   BANK6   BANK7   BANK8   BANK9  BANK10  BANK11  BANK12  BANK13  BANK14  BANK15
      Params:         0       0       0       0       0       0       0       0       0       0       0       0       0       0       0       0       0
      Locals:         0       0       0       0       0       0       0       0       0       0       0       0       0       0       0       0       0
      Temps:          0       0       0       0       0       0       0       0       0       0       0       0       0       0       0       0       0
      Totals:         0       0       0       0       0       0       0       0       0       0       0       0       0       0       0       0       0
Total ram usage:        0 bytes
 Hardware stack levels used:    1
 Hardware stack levels required when called:    1
 This function calls:
		Nothing
 This function is called by:
		_fputc
 This function uses a non-reentrant model


 *************** function _isupper *****************
 Defined at:
		line 5 in file "C:\Program Files\Microchip\xc8\v2.20\pic\sources\c99\common\isupper.c"
 Parameters:    Size  Location     Type
  c               2    1[COMRAM] int 
 Auto vars:     Size  Location     Type
		None
 Return value:  Size  Location     Type
                  2    1[COMRAM] int 
 Registers used:
		wreg, status,2, status,0
 Tracked objects:
		On entry : 
		On exit  : 
		Unchanged: 
 Data sizes:     COMRAM   BANK0   BANK1   BANK2   BANK3   BANK4   BANK5   BANK6   BANK7   BANK8   BANK9  BANK10  BANK11  BANK12  BANK13  BANK14  BANK15
      Params:         2       0       0       0       0       0       0       0       0       0       0       0       0       0       0       0       0
      Locals:         0       0       0       0       0       0       0       0       0       0       0       0       0       0       0       0       0
      Temps:          4       0       0       0       0       0       0       0       0       0       0       0       0       0       0       0       0
      Totals:         6       0       0       0       0       0       0       0       0       0       0       0       0       0       0       0       0
Total ram usage:        6 bytes
 Hardware stack levels used:    1
 Hardware stack levels required when called:    1
 This function calls:
		Nothing
 This function is called by:
		_xtoa
 This function uses a non-reentrant model


 *************** function _isalpha *****************
 Defined at:
		line 5 in file "C:\Program Files\Microchip\xc8\v2.20\pic\sources\c99\common\isalpha.c"
 Parameters:    Size  Location     Type
  c               2    1[COMRAM] int 
 Auto vars:     Size  Location     Type
		None
 Return value:  Size  Location     Type
                  2    1[COMRAM] int 
 Registers used:
		wreg, status,2, status,0
 Tracked objects:
		On entry : 
		On exit  : 
		Unchanged: 
 Data sizes:     COMRAM   BANK0   BANK1   BANK2   BANK3   BANK4   BANK5   BANK6   BANK7   BANK8   BANK9  BANK10  BANK11  BANK12  BANK13  BANK14  BANK15
      Params:         2       0       0       0       0       0       0       0       0       0       0       0       0       0       0       0       0
      Locals:         0       0       0       0       0       0       0       0       0       0       0       0       0       0       0       0       0
      Temps:          4       0       0       0       0       0       0       0       0       0       0       0       0       0       0       0       0
      Totals:         6       0       0       0       0       0       0       0       0       0       0       0       0       0       0       0       0
Total ram usage:        6 bytes
 Hardware stack levels used:    1
 Hardware stack levels required when called:    1
 This function calls:
		Nothing
 This function is called by:
		_xtoa
 This function uses a non-reentrant model


 *************** function _atoi *****************
 Defined at:
		line 4 in file "C:\Program Files\Microchip\xc8\v2.20\pic\sources\c99\common\atoi.c"
 Parameters:    Size  Location     Type
  s               2    8[COMRAM] PTR const unsigned char 
		 -> STR_1(7), 
 Auto vars:     Size  Location     Type
  n               2   21[COMRAM] int 
  neg             2   14[COMRAM] int 
 Return value:  Size  Location     Type
                  2    8[COMRAM] int 
 Registers used:
		wreg, status,2, status,0, tblptrl, tblptrh, tblptru, prodl, prodh, cstack
 Tracked objects:
		On entry : 
		On exit  : 
		Unchanged: 
 Data sizes:     COMRAM   BANK0   BANK1   BANK2   BANK3   BANK4   BANK5   BANK6   BANK7   BANK8   BANK9  BANK10  BANK11  BANK12  BANK13  BANK14  BANK15
      Params:         2       0       0       0       0       0       0       0       0       0       0       0       0       0       0       0       0
      Locals:         9       0       0       0       0       0       0       0       0       0       0       0       0       0       0       0       0
      Temps:          4       0       0       0       0       0       0       0       0       0       0       0       0       0       0       0       0
      Totals:        15       0       0       0       0       0       0       0       0       0       0       0       0       0       0       0       0
Total ram usage:       15 bytes
 Hardware stack levels used:    1
 Hardware stack levels required when called:    2
 This function calls:
		___wmul
		_isdigit
		_isspace
 This function is called by:
		_vfpfcnvrt
 This function uses a non-reentrant model


 *************** function _isspace *****************
 Defined at:
		line 5 in file "C:\Program Files\Microchip\xc8\v2.20\pic\sources\c99\common\isspace.c"
 Parameters:    Size  Location     Type
  c               2    1[COMRAM] int 
 Auto vars:     Size  Location     Type
		None
 Return value:  Size  Location     Type
                  2    1[COMRAM] int 
 Registers used:
		wreg, status,2, status,0
 Tracked objects:
		On entry : 
		On exit  : 
		Unchanged: 
 Data sizes:     COMRAM   BANK0   BANK1   BANK2   BANK3   BANK4   BANK5   BANK6   BANK7   BANK8   BANK9  BANK10  BANK11  BANK12  BANK13  BANK14  BANK15
      Params:         2       0       0       0       0       0       0       0       0       0       0       0       0       0       0       0       0
      Locals:         1       0       0       0       0       0       0       0       0       0       0       0       0       0       0       0       0
      Temps:          4       0       0       0       0       0       0       0       0       0       0       0       0       0       0       0       0
      Totals:         7       0       0       0       0       0       0       0       0       0       0       0       0       0       0       0       0
Total ram usage:        7 bytes
 Hardware stack levels used:    1
 Hardware stack levels required when called:    1
 This function calls:
		Nothing
 This function is called by:
		_atoi
 This function uses a non-reentrant model


 *************** function _isdigit *****************
 Defined at:
		line 5 in file "C:\Program Files\Microchip\xc8\v2.20\pic\sources\c99\common\isdigit.c"
 Parameters:    Size  Location     Type
  c               2    1[COMRAM] int 
 Auto vars:     Size  Location     Type
		None
 Return value:  Size  Location     Type
                  2    1[COMRAM] int 
 Registers used:
		wreg, status,2, status,0
 Tracked objects:
		On entry : 
		On exit  : 
		Unchanged: 
 Data sizes:     COMRAM   BANK0   BANK1   BANK2   BANK3   BANK4   BANK5   BANK6   BANK7   BANK8   BANK9  BANK10  BANK11  BANK12  BANK13  BANK14  BANK15
      Params:         2       0       0       0       0       0       0       0       0       0       0       0       0       0       0       0       0
      Locals:         0       0       0       0       0       0       0       0       0       0       0       0       0       0       0       0       0
      Temps:          4       0       0       0       0       0       0       0       0       0       0       0       0       0       0       0       0
      Totals:         6       0       0       0       0       0       0       0       0       0       0       0       0       0       0       0       0
Total ram usage:        6 bytes
 Hardware stack levels used:    1
 Hardware stack levels required when called:    1
 This function calls:
		Nothing
 This function is called by:
		_vfpfcnvrt
		_atoi
 This function uses a non-reentrant model


 *************** function ___wmul *****************
 Defined at:
		line 15 in file "C:\Program Files\Microchip\xc8\v2.20\pic\sources\c99\common\Umul16.c"
 Parameters:    Size  Location     Type
  multiplier      2    1[COMRAM] unsigned int 
  multiplicand    2    3[COMRAM] unsigned int 
 Auto vars:     Size  Location     Type
  product         2    5[COMRAM] unsigned int 
 Return value:  Size  Location     Type
                  2    1[COMRAM] unsigned int 
 Registers used:
		wreg, status,2, status,0, prodl, prodh
 Tracked objects:
		On entry : 
		On exit  : 
		Unchanged: 
 Data sizes:     COMRAM   BANK0   BANK1   BANK2   BANK3   BANK4   BANK5   BANK6   BANK7   BANK8   BANK9  BANK10  BANK11  BANK12  BANK13  BANK14  BANK15
      Params:         4       0       0       0       0       0       0       0       0       0       0       0       0       0       0       0       0
      Locals:         2       0       0       0       0       0       0       0       0       0       0       0       0       0       0       0       0
      Temps:          0       0       0       0       0       0       0       0       0       0       0       0       0       0       0       0       0
      Totals:         6       0       0       0       0       0       0       0       0       0       0       0       0       0       0       0       0
Total ram usage:        6 bytes
 Hardware stack levels used:    1
 Hardware stack levels required when called:    1
 This function calls:
		Nothing
 This function is called by:
		_atoi
 This function uses a non-reentrant model


 *************** function _freqCalc *****************
 Defined at:
		line 69 in file "main.c"
 Parameters:    Size  Location     Type
  f               2   15[COMRAM] int 
 Auto vars:     Size  Location     Type
  cal             2   23[COMRAM] int 
  t               2   21[COMRAM] int 
  temp            2   19[COMRAM] int 
 Return value:  Size  Location     Type
                  2   15[COMRAM] unsigned short 
 Registers used:
		wreg, status,2, status,0, cstack
 Tracked objects:
		On entry : 
		On exit  : 
		Unchanged: 
 Data sizes:     COMRAM   BANK0   BANK1   BANK2   BANK3   BANK4   BANK5   BANK6   BANK7   BANK8   BANK9  BANK10  BANK11  BANK12  BANK13  BANK14  BANK15
      Params:         2       0       0       0       0       0       0       0       0       0       0       0       0       0       0       0       0
      Locals:         6       0       0       0       0       0       0       0       0       0       0       0       0       0       0       0       0
      Temps:          2       0       0       0       0       0       0       0       0       0       0       0       0       0       0       0       0
      Totals:        10       0       0       0       0       0       0       0       0       0       0       0       0       0       0       0       0
Total ram usage:       10 bytes
 Hardware stack levels used:    1
 Hardware stack levels required when called:    2
 This function calls:
		___aldiv
 This function is called by:
		_main
 This function uses a non-reentrant model


 *************** function ___aldiv *****************
 Defined at:
		line 7 in file "C:\Program Files\Microchip\xc8\v2.20\pic\sources\c99\common\aldiv.c"
 Parameters:    Size  Location     Type
  dividend        4    1[COMRAM] long 
  divisor         4    5[COMRAM] long 
 Auto vars:     Size  Location     Type
  quotient        4   11[COMRAM] long 
  sign            1   10[COMRAM] unsigned char 
  counter         1    9[COMRAM] unsigned char 
 Return value:  Size  Location     Type
                  4    1[COMRAM] long 
 Registers used:
		wreg, status,2, status,0
 Tracked objects:
		On entry : 
		On exit  : 
		Unchanged: 
 Data sizes:     COMRAM   BANK0   BANK1   BANK2   BANK3   BANK4   BANK5   BANK6   BANK7   BANK8   BANK9  BANK10  BANK11  BANK12  BANK13  BANK14  BANK15
      Params:         8       0       0       0       0       0       0       0       0       0       0       0       0       0       0       0       0
      Locals:         6       0       0       0       0       0       0       0       0       0       0       0       0       0       0       0       0
      Temps:          0       0       0       0       0       0       0       0       0       0       0       0       0       0       0       0       0
      Totals:        14       0       0       0       0       0       0       0       0       0       0       0       0       0       0       0       0
Total ram usage:       14 bytes
 Hardware stack levels used:    1
 Hardware stack levels required when called:    1
 This function calls:
		Nothing
 This function is called by:
		_freqCalc
 This function uses a non-reentrant model


 *************** function _flash_read *****************
 Defined at:
		line 76 in file "main.c"
 Parameters:    Size  Location     Type
  flash_addr      2    1[COMRAM] unsigned short 
 Auto vars:     Size  Location     Type
  flash_l         2    7[COMRAM] unsigned short 
  flash_h         2    5[COMRAM] unsigned short 
 Return value:  Size  Location     Type
                  2    1[COMRAM] unsigned short 
 Registers used:
		wreg, status,2, status,0
 Tracked objects:
		On entry : 
		On exit  : 
		Unchanged: 
 Data sizes:     COMRAM   BANK0   BANK1   BANK2   BANK3   BANK4   BANK5   BANK6   BANK7   BANK8   BANK9  BANK10  BANK11  BANK12  BANK13  BANK14  BANK15
      Params:         2       0       0       0       0       0       0       0       0       0       0       0       0       0       0       0       0
      Locals:         4       0       0       0       0       0       0       0       0       0       0       0       0       0       0       0       0
      Temps:          2       0       0       0       0       0       0       0       0       0       0       0       0       0       0       0       0
      Totals:         8       0       0       0       0       0       0       0       0       0       0       0       0       0       0       0       0
Total ram usage:        8 bytes
 Hardware stack levels used:    1
 Hardware stack levels required when called:    1
 This function calls:
		Nothing
 This function is called by:
		_main
 This function uses a non-reentrant model


 *************** function _flash_block_write *****************
 Defined at:
		line 126 in file "main.c"
 Parameters:    Size  Location     Type
  addr            2    3[COMRAM] unsigned short 
  flash_data_b    2    5[COMRAM] unsigned short 
 Auto vars:     Size  Location     Type
  flash_ptr       2   10[COMRAM] unsigned short 
  flash_store_    2    8[COMRAM] unsigned char [2]
  i               1    0        char 
 Return value:  Size  Location     Type
                  1    wreg      void 
 Registers used:
		wreg, status,2, status,0, cstack
 Tracked objects:
		On entry : 
		On exit  : 
		Unchanged: 
 Data sizes:     COMRAM   BANK0   BANK1   BANK2   BANK3   BANK4   BANK5   BANK6   BANK7   BANK8   BANK9  BANK10  BANK11  BANK12  BANK13  BANK14  BANK15
      Params:         4       0       0       0       0       0       0       0       0       0       0       0       0       0       0       0       0
      Locals:         5       0       0       0       0       0       0       0       0       0       0       0       0       0       0       0       0
      Temps:          0       0       0       0       0       0       0       0       0       0       0       0       0       0       0       0       0
      Totals:         9       0       0       0       0       0       0       0       0       0       0       0       0       0       0       0       0
Total ram usage:        9 bytes
 Hardware stack levels used:    1
 Hardware stack levels required when called:    2
 This function calls:
		_flash_block_commit
		_flash_block_delete
 This function is called by:
		_main
 This function uses a non-reentrant model


 *************** function _flash_block_delete *****************
 Defined at:
		line 91 in file "main.c"
 Parameters:    Size  Location     Type
  addr            2    1[COMRAM] unsigned short 
 Auto vars:     Size  Location     Type
		None
 Return value:  Size  Location     Type
                  1    wreg      void 
 Registers used:
		wreg, status,2
 Tracked objects:
		On entry : 
		On exit  : 
		Unchanged: 
 Data sizes:     COMRAM   BANK0   BANK1   BANK2   BANK3   BANK4   BANK5   BANK6   BANK7   BANK8   BANK9  BANK10  BANK11  BANK12  BANK13  BANK14  BANK15
      Params:         2       0       0       0       0       0       0       0       0       0       0       0       0       0       0       0       0
      Locals:         0       0       0       0       0       0       0       0       0       0       0       0       0       0       0       0       0
      Temps:          0       0       0       0       0       0       0       0       0       0       0       0       0       0       0       0       0
      Totals:         2       0       0       0       0       0       0       0       0       0       0       0       0       0       0       0       0
Total ram usage:        2 bytes
 Hardware stack levels used:    1
 Hardware stack levels required when called:    1
 This function calls:
		Nothing
 This function is called by:
		_flash_block_write
 This function uses a non-reentrant model


 *************** function _flash_block_commit *****************
 Defined at:
		line 110 in file "main.c"
 Parameters:    Size  Location     Type
		None
 Auto vars:     Size  Location     Type
		None
 Return value:  Size  Location     Type
                  1    wreg      void 
 Registers used:
		wreg, status,2
 Tracked objects:
		On entry : 
		On exit  : 
		Unchanged: 
 Data sizes:     COMRAM   BANK0   BANK1   BANK2   BANK3   BANK4   BANK5   BANK6   BANK7   BANK8   BANK9  BANK10  BANK11  BANK12  BANK13  BANK14  BANK15
      Params:         0       0       0       0       0       0       0       0       0       0       0       0       0       0       0       0       0
      Locals:         0       0       0       0       0       0       0       0       0       0       0       0       0       0       0       0       0
      Temps:          0       0       0       0       0       0       0       0       0       0       0       0       0       0       0       0       0
      Totals:         0       0       0       0       0       0       0       0       0       0       0       0       0       0       0       0       0
Total ram usage:        0 bytes
 Hardware stack levels used:    1
 Hardware stack levels required when called:    1
 This function calls:
		Nothing
 This function is called by:
		_flash_block_write
 This function uses a non-reentrant model


 *************** function _UART_send_string *****************
 Defined at:
		line 54 in file "main.c"
 Parameters:    Size  Location     Type
  str             2    2[COMRAM] PTR unsigned char 
		 -> print_buffer(256), 
 Auto vars:     Size  Location     Type
  i               2    5[COMRAM] int 
 Return value:  Size  Location     Type
                  1    wreg      void 
 Registers used:
		wreg, fsr2l, fsr2h, status,2, status,0, cstack
 Tracked objects:
		On entry : 
		On exit  : 
		Unchanged: 
 Data sizes:     COMRAM   BANK0   BANK1   BANK2   BANK3   BANK4   BANK5   BANK6   BANK7   BANK8   BANK9  BANK10  BANK11  BANK12  BANK13  BANK14  BANK15
      Params:         2       0       0       0       0       0       0       0       0       0       0       0       0       0       0       0       0
      Locals:         2       0       0       0       0       0       0       0       0       0       0       0       0       0       0       0       0
      Temps:          1       0       0       0       0       0       0       0       0       0       0       0       0       0       0       0       0
      Totals:         5       0       0       0       0       0       0       0       0       0       0       0       0       0       0       0       0
Total ram usage:        5 bytes
 Hardware stack levels used:    1
 Hardware stack levels required when called:    2
 This function calls:
		_UART_Write
 This function is called by:
		_main
 This function uses a non-reentrant model


 *************** function _UART_Write *****************
 Defined at:
		line 48 in file "main.c"
 Parameters:    Size  Location     Type
  data            1    wreg     unsigned char 
 Auto vars:     Size  Location     Type
  data            1    1[COMRAM] unsigned char 
 Return value:  Size  Location     Type
                  1    wreg      void 
 Registers used:
		wreg
 Tracked objects:
		On entry : 
		On exit  : 
		Unchanged: 
 Data sizes:     COMRAM   BANK0   BANK1   BANK2   BANK3   BANK4   BANK5   BANK6   BANK7   BANK8   BANK9  BANK10  BANK11  BANK12  BANK13  BANK14  BANK15
      Params:         0       0       0       0       0       0       0       0       0       0       0       0       0       0       0       0       0
      Locals:         1       0       0       0       0       0       0       0       0       0       0       0       0       0       0       0       0
      Temps:          0       0       0       0       0       0       0       0       0       0       0       0       0       0       0       0       0
      Totals:         1       0       0       0       0       0       0       0       0       0       0       0       0       0       0       0       0
Total ram usage:        1 bytes
 Hardware stack levels used:    1
 Hardware stack levels required when called:    1
 This function calls:
		Nothing
 This function is called by:
		_UART_send_string
 This function uses a non-reentrant model


 *************** function _UART_Initial *****************
 Defined at:
		line 28 in file "main.c"
 Parameters:    Size  Location     Type
  baud_rate       4   56[COMRAM] long 
 Auto vars:     Size  Location     Type
  bps             4   60[COMRAM] float 
 Return value:  Size  Location     Type
                  1    wreg      void 
 Registers used:
		wreg, status,2, status,0, cstack
 Tracked objects:
		On entry : 
		On exit  : 
		Unchanged: 
 Data sizes:     COMRAM   BANK0   BANK1   BANK2   BANK3   BANK4   BANK5   BANK6   BANK7   BANK8   BANK9  BANK10  BANK11  BANK12  BANK13  BANK14  BANK15
      Params:         4       0       0       0       0       0       0       0       0       0       0       0       0       0       0       0       0
      Locals:         4       0       0       0       0       0       0       0       0       0       0       0       0       0       0       0       0
      Temps:          0       0       0       0       0       0       0       0       0       0       0       0       0       0       0       0       0
      Totals:         8       0       0       0       0       0       0       0       0       0       0       0       0       0       0       0       0
Total ram usage:        8 bytes
 Hardware stack levels used:    1
 Hardware stack levels required when called:    2
 This function calls:
		___fladd
		___fldiv
		___fltol
		___xxtofl
 This function is called by:
		_main
 This function uses a non-reentrant model


 *************** function ___xxtofl *****************
 Defined at:
		line 10 in file "C:\Program Files\Microchip\xc8\v2.20\pic\sources\c99\common\xxtofl.c"
 Parameters:    Size  Location     Type
  sign            1    wreg     unsigned char 
  val             4    1[COMRAM] long 
 Auto vars:     Size  Location     Type
  sign            1    9[COMRAM] unsigned char 
  arg             4   11[COMRAM] unsigned long 
  exp             1   10[COMRAM] unsigned char 
 Return value:  Size  Location     Type
                  4    1[COMRAM] unsigned char 
 Registers used:
		wreg, status,2, status,0
 Tracked objects:
		On entry : 
		On exit  : 
		Unchanged: 
 Data sizes:     COMRAM   BANK0   BANK1   BANK2   BANK3   BANK4   BANK5   BANK6   BANK7   BANK8   BANK9  BANK10  BANK11  BANK12  BANK13  BANK14  BANK15
      Params:         4       0       0       0       0       0       0       0       0       0       0       0       0       0       0       0       0
      Locals:         6       0       0       0       0       0       0       0       0       0       0       0       0       0       0       0       0
      Temps:          4       0       0       0       0       0       0       0       0       0       0       0       0       0       0       0       0
      Totals:        14       0       0       0       0       0       0       0       0       0       0       0       0       0       0       0       0
Total ram usage:       14 bytes
 Hardware stack levels used:    1
 Hardware stack levels required when called:    1
 This function calls:
		Nothing
 This function is called by:
		_UART_Initial
 This function uses a non-reentrant model


 *************** function ___fltol *****************
 Defined at:
		line 43 in file "C:\Program Files\Microchip\xc8\v2.20\pic\sources\c99\common\fltol.c"
 Parameters:    Size  Location     Type
  f1              4    1[COMRAM] unsigned char 
 Auto vars:     Size  Location     Type
  exp1            1   10[COMRAM] unsigned char 
  sign1           1    9[COMRAM] unsigned char 
 Return value:  Size  Location     Type
                  4    1[COMRAM] long 
 Registers used:
		wreg, status,2, status,0
 Tracked objects:
		On entry : 
		On exit  : 
		Unchanged: 
 Data sizes:     COMRAM   BANK0   BANK1   BANK2   BANK3   BANK4   BANK5   BANK6   BANK7   BANK8   BANK9  BANK10  BANK11  BANK12  BANK13  BANK14  BANK15
      Params:         4       0       0       0       0       0       0       0       0       0       0       0       0       0       0       0       0
      Locals:         2       0       0       0       0       0       0       0       0       0       0       0       0       0       0       0       0
      Temps:          4       0       0       0       0       0       0       0       0       0       0       0       0       0       0       0       0
      Totals:        10       0       0       0       0       0       0       0       0       0       0       0       0       0       0       0       0
Total ram usage:       10 bytes
 Hardware stack levels used:    1
 Hardware stack levels required when called:    1
 This function calls:
		Nothing
 This function is called by:
		_UART_Initial
 This function uses a non-reentrant model


 *************** function ___fldiv *****************
 Defined at:
		line 11 in file "C:\Program Files\Microchip\xc8\v2.20\pic\sources\c99\common\sprcdiv.c"
 Parameters:    Size  Location     Type
  b               4   15[COMRAM] long 
  a               4   19[COMRAM] long 
 Auto vars:     Size  Location     Type
  grs             4   34[COMRAM] unsigned long 
  rem             4   27[COMRAM] unsigned long 
  new_exp         2   32[COMRAM] short 
  aexp            1   39[COMRAM] unsigned char 
  bexp            1   38[COMRAM] unsigned char 
  sign            1   31[COMRAM] unsigned char 
 Return value:  Size  Location     Type
                  4   15[COMRAM] unsigned char 
 Registers used:
		wreg, status,2, status,0
 Tracked objects:
		On entry : 
		On exit  : 
		Unchanged: 
 Data sizes:     COMRAM   BANK0   BANK1   BANK2   BANK3   BANK4   BANK5   BANK6   BANK7   BANK8   BANK9  BANK10  BANK11  BANK12  BANK13  BANK14  BANK15
      Params:         8       0       0       0       0       0       0       0       0       0       0       0       0       0       0       0       0
      Locals:        13       0       0       0       0       0       0       0       0       0       0       0       0       0       0       0       0
      Temps:          4       0       0       0       0       0       0       0       0       0       0       0       0       0       0       0       0
      Totals:        25       0       0       0       0       0       0       0       0       0       0       0       0       0       0       0       0
Total ram usage:       25 bytes
 Hardware stack levels used:    1
 Hardware stack levels required when called:    1
 This function calls:
		Nothing
 This function is called by:
		_UART_Initial
 This function uses a non-reentrant model


 *************** function ___fladd *****************
 Defined at:
		line 10 in file "C:\Program Files\Microchip\xc8\v2.20\pic\sources\c99\common\sprcadd.c"
 Parameters:    Size  Location     Type
  b               4   40[COMRAM] unsigned char 
  a               4   44[COMRAM] unsigned char 
 Auto vars:     Size  Location     Type
  grs             1   55[COMRAM] unsigned char 
  bexp            1   54[COMRAM] unsigned char 
  aexp            1   53[COMRAM] unsigned char 
  signs           1   52[COMRAM] unsigned char 
 Return value:  Size  Location     Type
                  4   40[COMRAM] unsigned char 
 Registers used:
		wreg, status,2, status,0
 Tracked objects:
		On entry : 
		On exit  : 
		Unchanged: 
 Data sizes:     COMRAM   BANK0   BANK1   BANK2   BANK3   BANK4   BANK5   BANK6   BANK7   BANK8   BANK9  BANK10  BANK11  BANK12  BANK13  BANK14  BANK15
      Params:         8       0       0       0       0       0       0       0       0       0       0       0       0       0       0       0       0
      Locals:         4       0       0       0       0       0       0       0       0       0       0       0       0       0       0       0       0
      Temps:          4       0       0       0       0       0       0       0       0       0       0       0       0       0       0       0       0
      Totals:        16       0       0       0       0       0       0       0       0       0       0       0       0       0       0       0       0
Total ram usage:       16 bytes
 Hardware stack levels used:    1
 Hardware stack levels required when called:    1
 This function calls:
		Nothing
 This function is called by:
		_UART_Initial
 This function uses a non-reentrant model


 *************** function _high_isr *****************
 Defined at:
		line 200 in file "main.c"
 Parameters:    Size  Location     Type
		None
 Auto vars:     Size  Location     Type
		None
 Return value:  Size  Location     Type
                  1    wreg      void 
 Registers used:
		wreg, status,2, status,0
 Tracked objects:
		On entry : 
		On exit  : 
		Unchanged: 
 Data sizes:     COMRAM   BANK0   BANK1   BANK2   BANK3   BANK4   BANK5   BANK6   BANK7   BANK8   BANK9  BANK10  BANK11  BANK12  BANK13  BANK14  BANK15
      Params:         0       0       0       0       0       0       0       0       0       0       0       0       0       0       0       0       0
      Locals:         0       0       0       0       0       0       0       0       0       0       0       0       0       0       0       0       0
      Temps:          1       0       0       0       0       0       0       0       0       0       0       0       0       0       0       0       0
      Totals:         1       0       0       0       0       0       0       0       0       0       0       0       0       0       0       0       0
Total ram usage:        1 bytes
 Hardware stack levels used:    1
 This function calls:
		Nothing
 This function is called by:
		Interrupt level 2
 This function uses a non-reentrant model



MODULE INFORMATION

Module		Function		Class		Link	Load	Size
C:\Program Files\Microchip\xc8\v2.20\pic\sources\c99\common\nf_fputc.c
		_fputc         		CODE           	2528	0000	203

C:\Program Files\Microchip\xc8\v2.20\pic\sources\c99\common\nf_fputc.c estimated size: 203

C:\Program Files\Microchip\xc8\v2.20\pic\sources\c99\common\isdigit.c
		_isdigit       		CODE           	2B5E	0000	57

C:\Program Files\Microchip\xc8\v2.20\pic\sources\c99\common\isdigit.c estimated size: 57

C:\Program Files\Microchip\xc8\v2.20\pic\sources\c99\common\sprcadd.c
		___fladd       		CODE           	100A	0000	1217

C:\Program Files\Microchip\xc8\v2.20\pic\sources\c99\common\sprcadd.c estimated size: 1217

C:\Program Files\Microchip\xc8\v2.20\pic\sources\c99\common\doprnt.c
		_vfpfcnvrt     		CODE           	14CA	0000	941
		_pad           		CODE           	25F2	0000	195
		_vfprintf      		CODE           	27C0	0000	103
		_xtoa          		CODE           	1C10	0000	725

C:\Program Files\Microchip\xc8\v2.20\pic\sources\c99\common\doprnt.c estimated size: 1964

C:\Program Files\Microchip\xc8\v2.20\pic\sources\c99\common\Umul16.c
		___wmul        		CODE           	2BCC	0000	39

C:\Program Files\Microchip\xc8\v2.20\pic\sources\c99\common\Umul16.c estimated size: 39

C:\Program Files\Microchip\xc8\v2.20\pic\sources\c99\common\nf_sprintf.c
		_sprintf       		CODE           	28E2	0000	83

C:\Program Files\Microchip\xc8\v2.20\pic\sources\c99\common\nf_sprintf.c estimated size: 83

C:\Program Files\Microchip\xc8\v2.20\pic\sources\c99\common\islower.c
		_islower       		CODE           	2AEE	0000	57

C:\Program Files\Microchip\xc8\v2.20\pic\sources\c99\common\islower.c estimated size: 57

C:\Program Files\Microchip\xc8\v2.20\pic\sources\c99\common\putch.c
		_putch         		CODE           	2C46	0000	3

C:\Program Files\Microchip\xc8\v2.20\pic\sources\c99\common\putch.c estimated size: 3

C:\Program Files\Microchip\xc8\v2.20\pic\sources\c99\common\nf_fputs.c
		_fputs         		CODE           	2A6E	0000	69

C:\Program Files\Microchip\xc8\v2.20\pic\sources\c99\common\nf_fputs.c estimated size: 69

C:\Program Files\Microchip\xc8\v2.20\pic\sources\c99\common\isupper.c
		_isupper       		CODE           	2B26	0000	57

C:\Program Files\Microchip\xc8\v2.20\pic\sources\c99\common\isupper.c estimated size: 57

C:\Program Files\Microchip\xc8\v2.20\pic\sources\c99\common\toupper.c
		_toupper       		CODE           	2826	0000	95

C:\Program Files\Microchip\xc8\v2.20\pic\sources\c99\common\toupper.c estimated size: 95

shared
		__initialization		CODE           	2986	0000	69

shared estimated size: 69

C:\Program Files\Microchip\xc8\v2.20\pic\sources\c99\common\isspace.c
		_isspace       		CODE           	2934	0000	83

C:\Program Files\Microchip\xc8\v2.20\pic\sources\c99\common\isspace.c estimated size: 83

C:\Program Files\Microchip\xc8\v2.20\pic\sources\c99\common\strlen.c
		_strlen        		CODE           	2B96	0000	55

C:\Program Files\Microchip\xc8\v2.20\pic\sources\c99\common\strlen.c estimated size: 55

C:\Program Files\Microchip\xc8\v2.20\pic\sources\c99\common\sprcdiv.c
		___fldiv       		CODE           	1876	0000	923

C:\Program Files\Microchip\xc8\v2.20\pic\sources\c99\common\sprcdiv.c estimated size: 923

C:\Program Files\Microchip\xc8\v2.20\pic\sources\c99\common\atoi.c
		_atoi          		CODE           	2098	0000	421

C:\Program Files\Microchip\xc8\v2.20\pic\sources\c99\common\atoi.c estimated size: 421

C:\Program Files\Microchip\xc8\v2.20\pic\sources\c99\common\isalpha.c
		_isalpha       		CODE           	2AB2	0000	61

C:\Program Files\Microchip\xc8\v2.20\pic\sources\c99\common\isalpha.c estimated size: 61

C:\Program Files\Microchip\xc8\v2.20\pic\sources\c99\common\fltol.c
		___fltol       		CODE           	2348	0000	263

C:\Program Files\Microchip\xc8\v2.20\pic\sources\c99\common\fltol.c estimated size: 263

main.c
		_flash_block_delete		CODE           	2BF2	0000	35
		_main          		CODE           	244E	0000	219
		_flash_block_commit		CODE           	2C14	0000	25
		_UART_Initial  		CODE           	26B4	0000	161
		_high_isr      		CODE           	0008	0000	63
		_flash_read    		CODE           	2A22	0000	77
		_UART_send_string		CODE           	29D4	0000	79
		_flash_block_write		CODE           	2754	0000	109
		_UART_Write    		CODE           	2C2C	0000	23
		_freqCalc      		CODE           	2884	0000	95

main.c estimated size: 886

C:\Program Files\Microchip\xc8\v2.20\pic\sources\c99\common\xxtofl.c
		___xxtofl      		CODE           	1EE4	0000	437

C:\Program Files\Microchip\xc8\v2.20\pic\sources\c99\common\xxtofl.c estimated size: 437

C:\Program Files\Microchip\xc8\v2.20\pic\sources\c99\common\aldiv.c
		___aldiv       		CODE           	223C	0000	269

C:\Program Files\Microchip\xc8\v2.20\pic\sources\c99\common\aldiv.c estimated size: 269

